2026-02-02 19:19:14 [INFO] Round 0 complete (689.4s) Metrics Summary (elapsed: 690.3s)

baseline:
  games: 20
  train_steps: 10
  buffer_size: 3000
  buffer_fill_ratio: 0.0150
  recent_loss: 8.2392
  avg_game_length: 150.0000

attack:
  games: 20
  train_steps: 10
  buffer_size: 3000
  buffer_fill_ratio: 0.0150
  recent_loss: 8.0438
  avg_game_length: 150.0000

est:
  games: 20
  train_steps: 10
  buffer_size: 3000
  buffer_fill_ratio: 0.0150
  recent_loss: 8.3084
  avg_game_length: 150.0000

2026-02-02 19:19:14 [INFO] Saved metrics checkpoint: logs\metrics_round_0_20260202_191914.json
2026-02-02 19:31:02 [INFO] Round 1 complete (707.5s) Metrics Summary (elapsed: 1397.8s)

baseline:
  games: 40
  train_steps: 20
  buffer_size: 6000
  buffer_fill_ratio: 0.0300
  recent_loss: 7.9464
  avg_game_length: 150.0000

attack:
  games: 40
  train_steps: 20
  buffer_size: 6000
  buffer_fill_ratio: 0.0300
  recent_loss: 7.7157
  avg_game_length: 150.0000

est:
  games: 40
  train_steps: 20
  buffer_size: 6000
  buffer_fill_ratio: 0.0300
  recent_loss: 7.9732
  avg_game_length: 150.0000

2026-02-02 19:31:02 [INFO] Saved metrics checkpoint: logs\metrics_round_1_20260202_193102.json
2026-02-02 19:42:40 [INFO] Round 2 complete (698.0s) Metrics Summary (elapsed: 2095.9s)

baseline:
  games: 60
  train_steps: 30
  buffer_size: 8989
  buffer_fill_ratio: 0.0449
  recent_loss: 7.4453
  avg_game_length: 149.8167

attack:
  games: 60
  train_steps: 30
  buffer_size: 9000
  buffer_fill_ratio: 0.0450
  recent_loss: 7.4069
  avg_game_length: 150.0000

est:
  games: 60
  train_steps: 30
  buffer_size: 9000
  buffer_fill_ratio: 0.0450
  recent_loss: 7.7056
  avg_game_length: 150.0000

2026-02-02 19:42:40 [INFO] Saved metrics checkpoint: logs\metrics_round_2_20260202_194240.json
2026-02-02 19:54:27 [INFO] Round 3 complete (707.0s) Metrics Summary (elapsed: 2802.9s)

baseline:
  games: 80
  train_steps: 40
  buffer_size: 11989
  buffer_fill_ratio: 0.0599
  recent_loss: 7.2607
  avg_game_length: 149.8625

attack:
  games: 80
  train_steps: 40
  buffer_size: 12000
  buffer_fill_ratio: 0.0600
  recent_loss: 7.2349
  avg_game_length: 150.0000

est:
  games: 80
  train_steps: 40
  buffer_size: 12000
  buffer_fill_ratio: 0.0600
  recent_loss: 7.4316
  avg_game_length: 150.0000

2026-02-02 19:54:27 [INFO] Saved metrics checkpoint: logs\metrics_round_3_20260202_195427.json
2026-02-02 20:06:12 [INFO] Round 4 complete (704.9s) Metrics Summary (elapsed: 3507.8s)

baseline:
  games: 100
  train_steps: 50
  buffer_size: 14989
  buffer_fill_ratio: 0.0749
  recent_loss: 7.0429
  avg_game_length: 149.8900

attack:
  games: 100
  train_steps: 50
  buffer_size: 15000
  buffer_fill_ratio: 0.0750
  recent_loss: 6.9844
  avg_game_length: 150.0000

est:
  games: 100
  train_steps: 50
  buffer_size: 15000
  buffer_fill_ratio: 0.0750
  recent_loss: 7.0135
  avg_game_length: 150.0000

2026-02-02 20:06:12 [INFO] Saved metrics checkpoint: logs\metrics_round_4_20260202_200612.json
2026-02-02 20:06:38 [INFO] Saved metrics checkpoint: logs\metrics_interrupted_20260202_200638.json
