2026-02-24 01:04:09 [INFO] Round 0 complete (266.3s) Metrics Summary (elapsed: 268.4s)

est:
  games: 30
  train_steps: 10
  buffer_size: 2700
  buffer_fill_ratio: 0.0900
  recent_loss: 8.2342
  avg_game_length: 90.0000

attack:
  games: 30
  train_steps: 10
  buffer_size: 2700
  buffer_fill_ratio: 0.0900
  recent_loss: 8.2400
  avg_game_length: 90.0000

baseline:
  games: 30
  train_steps: 10
  buffer_size: 2700
  buffer_fill_ratio: 0.0900
  recent_loss: 8.2868
  avg_game_length: 90.0000

2026-02-24 01:08:39 [INFO] Round 1 complete (270.5s) Metrics Summary (elapsed: 538.9s)

est:
  games: 60
  train_steps: 20
  buffer_size: 5400
  buffer_fill_ratio: 0.1800
  recent_loss: 7.5771
  avg_game_length: 90.0000

attack:
  games: 60
  train_steps: 20
  buffer_size: 5400
  buffer_fill_ratio: 0.1800
  recent_loss: 7.5777
  avg_game_length: 90.0000

baseline:
  games: 60
  train_steps: 20
  buffer_size: 5400
  buffer_fill_ratio: 0.1800
  recent_loss: 7.8574
  avg_game_length: 90.0000

2026-02-24 01:13:14 [INFO] Round 2 complete (274.3s) Metrics Summary (elapsed: 813.2s)

est:
  games: 90
  train_steps: 30
  buffer_size: 8100
  buffer_fill_ratio: 0.2700
  recent_loss: 7.2822
  avg_game_length: 90.0000

attack:
  games: 90
  train_steps: 30
  buffer_size: 8100
  buffer_fill_ratio: 0.2700
  recent_loss: 7.1277
  avg_game_length: 90.0000

baseline:
  games: 90
  train_steps: 30
  buffer_size: 8100
  buffer_fill_ratio: 0.2700
  recent_loss: 7.3860
  avg_game_length: 90.0000

2026-02-24 01:17:49 [INFO] Round 3 complete (275.2s) Metrics Summary (elapsed: 1088.4s)

est:
  games: 120
  train_steps: 40
  buffer_size: 10800
  buffer_fill_ratio: 0.3600
  recent_loss: 7.0484
  avg_game_length: 90.0000

attack:
  games: 120
  train_steps: 40
  buffer_size: 10800
  buffer_fill_ratio: 0.3600
  recent_loss: 6.7862
  avg_game_length: 90.0000

baseline:
  games: 120
  train_steps: 40
  buffer_size: 10800
  buffer_fill_ratio: 0.3600
  recent_loss: 7.1426
  avg_game_length: 90.0000

2026-02-24 01:22:14 [INFO] Round 4 complete (265.1s) Metrics Summary (elapsed: 1353.5s)

est:
  games: 150
  train_steps: 50
  buffer_size: 13500
  buffer_fill_ratio: 0.4500
  recent_loss: 6.7314
  avg_game_length: 90.0000

attack:
  games: 150
  train_steps: 50
  buffer_size: 13500
  buffer_fill_ratio: 0.4500
  recent_loss: 6.6476
  avg_game_length: 90.0000

baseline:
  games: 150
  train_steps: 50
  buffer_size: 13500
  buffer_fill_ratio: 0.4500
  recent_loss: 6.7082
  avg_game_length: 90.0000

2026-02-24 01:22:14 [INFO] Saved metrics checkpoint: C:\Users\Ricar\Desktop\projects\Chess\train\logs\metrics_round_4_20260224_012214.json
2026-02-24 01:26:00 [INFO] Round 5 complete (225.7s) Metrics Summary (elapsed: 1579.2s)

est:
  games: 180
  train_steps: 60
  buffer_size: 16200
  buffer_fill_ratio: 0.5400
  recent_loss: 6.3974
  avg_game_length: 90.0000

attack:
  games: 180
  train_steps: 60
  buffer_size: 16200
  buffer_fill_ratio: 0.5400
  recent_loss: 6.3270
  avg_game_length: 90.0000

baseline:
  games: 180
  train_steps: 60
  buffer_size: 16200
  buffer_fill_ratio: 0.5400
  recent_loss: 6.6234
  avg_game_length: 90.0000

2026-02-24 01:26:39 [INFO] Saved metrics checkpoint: C:\Users\Ricar\Desktop\projects\Chess\train\logs\metrics_interrupted_20260224_012639.json
2026-02-24 01:39:46 [INFO] Round 5 complete (250.6s) Metrics Summary (elapsed: 252.6s)

est:
  games: 30
  train_steps: 10
  buffer_size: 16189
  buffer_fill_ratio: 0.5396
  recent_loss: 6.3879
  avg_game_length: 89.6333

attack:
  games: 30
  train_steps: 10
  buffer_size: 16199
  buffer_fill_ratio: 0.5400
  recent_loss: 6.5191
  avg_game_length: 89.9667

baseline:
  games: 30
  train_steps: 10
  buffer_size: 16200
  buffer_fill_ratio: 0.5400
  recent_loss: 6.6327
  avg_game_length: 90.0000

2026-02-24 01:39:50 [INFO] Saved metrics checkpoint: C:\Users\Ricar\Desktop\projects\Chess\traIN\logs\metrics_interrupted_20260224_013950.json
2026-02-24 01:51:15 [INFO] Round 5 complete (250.9s) Metrics Summary (elapsed: 252.9s)

baseline:
  games: 30
  train_steps: 10
  buffer_size: 16181
  buffer_fill_ratio: 0.5394
  recent_loss: 6.5084
  avg_game_length: 89.3667

est:
  games: 30
  train_steps: 10
  buffer_size: 16200
  buffer_fill_ratio: 0.5400
  recent_loss: 6.3532
  avg_game_length: 90.0000

attack:
  games: 30
  train_steps: 10
  buffer_size: 16200
  buffer_fill_ratio: 0.5400
  recent_loss: 6.4476
  avg_game_length: 90.0000

2026-02-24 01:52:38 [INFO] Saved metrics checkpoint: C:\Users\Ricar\Desktop\projects\Chess\traIN\logs\metrics_interrupted_20260224_015238.json
2026-02-24 02:01:04 [INFO] Saved metrics checkpoint: C:\Users\Ricar\Desktop\projects\Chess\train\logs\metrics_interrupted_20260224_020104.json
2026-02-24 02:30:30 [INFO] Saved metrics checkpoint: C:\Users\Ricar\Desktop\projects\Chess\train\logs\metrics_interrupted_20260224_023030.json
2026-02-24 02:38:20 [INFO] Saved metrics checkpoint: C:\Users\Ricar\Desktop\projects\Chess\train\logs\metrics_interrupted_20260224_023820.json
2026-02-24 15:21:32 [INFO] Round 5 complete (150.3s) Metrics Summary (elapsed: 151.9s)

baseline:
  games: 50
  train_steps: 10
  buffer_size: 18000
  buffer_fill_ratio: 0.6000
  recent_loss: 6.6984
  avg_game_length: 90.0000

est:
  games: 50
  train_steps: 10
  buffer_size: 18000
  buffer_fill_ratio: 0.6000
  recent_loss: 6.3584
  avg_game_length: 90.0000

attack:
  games: 50
  train_steps: 10
  buffer_size: 18000
  buffer_fill_ratio: 0.6000
  recent_loss: 6.1916
  avg_game_length: 90.0000

2026-02-24 15:23:51 [INFO] Round 6 complete (139.0s) Metrics Summary (elapsed: 290.9s)

baseline:
  games: 100
  train_steps: 20
  buffer_size: 22500
  buffer_fill_ratio: 0.7500
  recent_loss: 6.1747
  avg_game_length: 90.0000

est:
  games: 100
  train_steps: 20
  buffer_size: 22500
  buffer_fill_ratio: 0.7500
  recent_loss: 6.2038
  avg_game_length: 90.0000

attack:
  games: 100
  train_steps: 20
  buffer_size: 22500
  buffer_fill_ratio: 0.7500
  recent_loss: 6.2004
  avg_game_length: 90.0000

2026-02-24 15:26:08 [INFO] Round 7 complete (137.1s) Metrics Summary (elapsed: 428.1s)

baseline:
  games: 150
  train_steps: 30
  buffer_size: 27000
  buffer_fill_ratio: 0.9000
  recent_loss: 6.0614
  avg_game_length: 90.0000

est:
  games: 150
  train_steps: 30
  buffer_size: 27000
  buffer_fill_ratio: 0.9000
  recent_loss: 5.4222
  avg_game_length: 90.0000

attack:
  games: 150
  train_steps: 30
  buffer_size: 27000
  buffer_fill_ratio: 0.9000
  recent_loss: 5.9758
  avg_game_length: 90.0000

2026-02-24 15:28:23 [INFO] Round 8 complete (135.4s) Metrics Summary (elapsed: 563.5s)

baseline:
  games: 200
  train_steps: 40
  buffer_size: 30000
  buffer_fill_ratio: 1.0000
  recent_loss: 5.7250
  avg_game_length: 90.0000

est:
  games: 200
  train_steps: 40
  buffer_size: 30000
  buffer_fill_ratio: 1.0000
  recent_loss: 5.6065
  avg_game_length: 90.0000

attack:
  games: 200
  train_steps: 40
  buffer_size: 30000
  buffer_fill_ratio: 1.0000
  recent_loss: 5.7996
  avg_game_length: 90.0000

2026-02-24 15:30:45 [INFO] Round 9 complete (141.1s) Metrics Summary (elapsed: 704.5s)

baseline:
  games: 250
  train_steps: 50
  buffer_size: 30000
  buffer_fill_ratio: 1.0000
  recent_loss: 5.5074
  avg_game_length: 90.0000

est:
  games: 250
  train_steps: 50
  buffer_size: 30000
  buffer_fill_ratio: 1.0000
  recent_loss: 5.0013
  avg_game_length: 89.6900

attack:
  games: 250
  train_steps: 50
  buffer_size: 30000
  buffer_fill_ratio: 1.0000
  recent_loss: 5.3252
  avg_game_length: 90.0000

2026-02-24 15:30:45 [INFO] Saved metrics checkpoint: C:\Users\Ricar\Desktop\projects\Chess\train\logs\metrics_round_9_20260224_153045.json
2026-02-24 15:32:59 [INFO] Round 10 complete (134.3s) Metrics Summary (elapsed: 838.9s)

baseline:
  games: 300
  train_steps: 60
  buffer_size: 30000
  buffer_fill_ratio: 1.0000
  recent_loss: 5.0924
  avg_game_length: 90.0000

est:
  games: 300
  train_steps: 60
  buffer_size: 30000
  buffer_fill_ratio: 1.0000
  recent_loss: 4.6154
  avg_game_length: 89.6900

attack:
  games: 300
  train_steps: 60
  buffer_size: 30000
  buffer_fill_ratio: 1.0000
  recent_loss: 4.9495
  avg_game_length: 90.0000

2026-02-24 15:35:13 [INFO] Round 11 complete (134.2s) Metrics Summary (elapsed: 973.1s)

baseline:
  games: 350
  train_steps: 70
  buffer_size: 30000
  buffer_fill_ratio: 1.0000
  recent_loss: 4.7877
  avg_game_length: 90.0000

est:
  games: 350
  train_steps: 70
  buffer_size: 30000
  buffer_fill_ratio: 1.0000
  recent_loss: 4.2360
  avg_game_length: 89.9000

attack:
  games: 350
  train_steps: 70
  buffer_size: 30000
  buffer_fill_ratio: 1.0000
  recent_loss: 4.9333
  avg_game_length: 90.0000

2026-02-24 15:37:25 [INFO] Round 12 complete (132.0s) Metrics Summary (elapsed: 1105.1s)

baseline:
  games: 400
  train_steps: 80
  buffer_size: 30000
  buffer_fill_ratio: 1.0000
  recent_loss: 4.7341
  avg_game_length: 90.0000

est:
  games: 400
  train_steps: 80
  buffer_size: 30000
  buffer_fill_ratio: 1.0000
  recent_loss: 3.5655
  avg_game_length: 89.6200

attack:
  games: 400
  train_steps: 80
  buffer_size: 30000
  buffer_fill_ratio: 1.0000
  recent_loss: 4.7260
  avg_game_length: 90.0000

2026-02-24 15:39:37 [INFO] Round 13 complete (132.1s) Metrics Summary (elapsed: 1237.2s)

baseline:
  games: 450
  train_steps: 90
  buffer_size: 30000
  buffer_fill_ratio: 1.0000
  recent_loss: 4.0342
  avg_game_length: 90.0000

est:
  games: 450
  train_steps: 90
  buffer_size: 30000
  buffer_fill_ratio: 1.0000
  recent_loss: 3.2940
  avg_game_length: 89.7200

attack:
  games: 450
  train_steps: 90
  buffer_size: 30000
  buffer_fill_ratio: 1.0000
  recent_loss: 4.4545
  avg_game_length: 90.0000

2026-02-24 15:41:56 [INFO] Round 14 complete (138.8s) Metrics Summary (elapsed: 1376.0s)

baseline:
  games: 500
  train_steps: 100
  buffer_size: 30000
  buffer_fill_ratio: 1.0000
  recent_loss: 4.0114
  avg_game_length: 90.0000

est:
  games: 500
  train_steps: 100
  buffer_size: 30000
  buffer_fill_ratio: 1.0000
  recent_loss: 3.2805
  avg_game_length: 90.0000

attack:
  games: 500
  train_steps: 100
  buffer_size: 30000
  buffer_fill_ratio: 1.0000
  recent_loss: 4.1578
  avg_game_length: 90.0000

2026-02-24 15:41:56 [INFO] Saved metrics checkpoint: C:\Users\Ricar\Desktop\projects\Chess\train\logs\metrics_round_14_20260224_154156.json
2026-02-24 15:44:15 [INFO] Round 15 complete (139.2s) Metrics Summary (elapsed: 1515.2s)

baseline:
  games: 550
  train_steps: 110
  buffer_size: 30000
  buffer_fill_ratio: 1.0000
  recent_loss: 3.8856
  avg_game_length: 90.0000

est:
  games: 550
  train_steps: 110
  buffer_size: 30000
  buffer_fill_ratio: 1.0000
  recent_loss: 3.0502
  avg_game_length: 90.0000

attack:
  games: 550
  train_steps: 110
  buffer_size: 30000
  buffer_fill_ratio: 1.0000
  recent_loss: 4.0602
  avg_game_length: 90.0000

2026-02-24 15:46:28 [INFO] Round 16 complete (132.4s) Metrics Summary (elapsed: 1647.6s)

baseline:
  games: 600
  train_steps: 120
  buffer_size: 30000
  buffer_fill_ratio: 1.0000
  recent_loss: 3.5133
  avg_game_length: 90.0000

est:
  games: 600
  train_steps: 120
  buffer_size: 30000
  buffer_fill_ratio: 1.0000
  recent_loss: 3.0508
  avg_game_length: 89.9800

attack:
  games: 600
  train_steps: 120
  buffer_size: 30000
  buffer_fill_ratio: 1.0000
  recent_loss: 3.7693
  avg_game_length: 90.0000

2026-02-24 15:48:39 [INFO] Round 17 complete (131.4s) Metrics Summary (elapsed: 1779.0s)

baseline:
  games: 650
  train_steps: 130
  buffer_size: 30000
  buffer_fill_ratio: 1.0000
  recent_loss: 3.3859
  avg_game_length: 90.0000

est:
  games: 650
  train_steps: 130
  buffer_size: 30000
  buffer_fill_ratio: 1.0000
  recent_loss: 2.8963
  avg_game_length: 89.5100

attack:
  games: 650
  train_steps: 130
  buffer_size: 30000
  buffer_fill_ratio: 1.0000
  recent_loss: 3.4645
  avg_game_length: 90.0000

2026-02-24 15:50:50 [INFO] Round 18 complete (131.4s) Metrics Summary (elapsed: 1910.4s)

baseline:
  games: 700
  train_steps: 140
  buffer_size: 30000
  buffer_fill_ratio: 1.0000
  recent_loss: 3.1868
  avg_game_length: 90.0000

est:
  games: 700
  train_steps: 140
  buffer_size: 30000
  buffer_fill_ratio: 1.0000
  recent_loss: 2.6915
  avg_game_length: 89.5300

attack:
  games: 700
  train_steps: 140
  buffer_size: 30000
  buffer_fill_ratio: 1.0000
  recent_loss: 3.4927
  avg_game_length: 90.0000

2026-02-24 15:53:09 [INFO] Round 19 complete (139.1s) Metrics Summary (elapsed: 2049.5s)

baseline:
  games: 750
  train_steps: 150
  buffer_size: 30000
  buffer_fill_ratio: 1.0000
  recent_loss: 3.1094
  avg_game_length: 90.0000

est:
  games: 750
  train_steps: 150
  buffer_size: 30000
  buffer_fill_ratio: 1.0000
  recent_loss: 2.8750
  avg_game_length: 90.0000

attack:
  games: 750
  train_steps: 150
  buffer_size: 30000
  buffer_fill_ratio: 1.0000
  recent_loss: 3.5106
  avg_game_length: 90.0000

2026-02-24 15:53:09 [INFO] Saved metrics checkpoint: C:\Users\Ricar\Desktop\projects\Chess\train\logs\metrics_round_19_20260224_155309.json
2026-02-24 16:16:40 [INFO] Saved metrics checkpoint: C:\Users\Ricar\Desktop\projects\Chess\train\logs\metrics_interrupted_20260224_161640.json
2026-02-24 18:55:56 [INFO] Saved metrics checkpoint: C:\Users\Ricar\Desktop\projects\Chess\train\logs\metrics_interrupted_20260224_185556.json
2026-02-24 19:00:33 [INFO] Round 20 complete (198.6s) Metrics Summary (elapsed: 200.9s)

baseline:
  games: 50
  train_steps: 10
  buffer_size: 30000
  buffer_fill_ratio: 1.0000
  recent_loss: 3.1094
  avg_game_length: 120.0000

attack:
  games: 50
  train_steps: 10
  buffer_size: 30000
  buffer_fill_ratio: 1.0000
  recent_loss: 3.1404
  avg_game_length: 120.0000

est:
  games: 50
  train_steps: 10
  buffer_size: 30000
  buffer_fill_ratio: 1.0000
  recent_loss: 2.6862
  avg_game_length: 120.0000

2026-02-24 19:03:58 [INFO] Round 21 complete (205.1s) Metrics Summary (elapsed: 406.0s)

baseline:
  games: 100
  train_steps: 20
  buffer_size: 30000
  buffer_fill_ratio: 1.0000
  recent_loss: 2.9466
  avg_game_length: 120.0000

attack:
  games: 100
  train_steps: 20
  buffer_size: 30000
  buffer_fill_ratio: 1.0000
  recent_loss: 3.0451
  avg_game_length: 120.0000

est:
  games: 100
  train_steps: 20
  buffer_size: 30000
  buffer_fill_ratio: 1.0000
  recent_loss: 2.7251
  avg_game_length: 120.0000

2026-02-24 19:08:16 [INFO] Saved metrics checkpoint: C:\Users\Ricar\Desktop\projects\Chess\train\logs\metrics_interrupted_20260224_190816.json
2026-02-24 19:13:45 [INFO] Round 20 complete (181.9s) Metrics Summary (elapsed: 184.4s)

est:
  games: 50
  train_steps: 10
  buffer_size: 30000
  buffer_fill_ratio: 1.0000
  recent_loss: 2.8048
  avg_game_length: 120.0000

attack:
  games: 50
  train_steps: 10
  buffer_size: 30000
  buffer_fill_ratio: 1.0000
  recent_loss: 3.3107
  avg_game_length: 120.0000

baseline:
  games: 50
  train_steps: 10
  buffer_size: 30000
  buffer_fill_ratio: 1.0000
  recent_loss: 2.9771
  avg_game_length: 120.0000

2026-02-24 19:16:46 [INFO] Round 21 complete (181.3s) Metrics Summary (elapsed: 365.6s)

est:
  games: 100
  train_steps: 20
  buffer_size: 30000
  buffer_fill_ratio: 1.0000
  recent_loss: 2.7317
  avg_game_length: 119.3400

attack:
  games: 100
  train_steps: 20
  buffer_size: 30000
  buffer_fill_ratio: 1.0000
  recent_loss: 3.3844
  avg_game_length: 120.0000

baseline:
  games: 100
  train_steps: 20
  buffer_size: 30000
  buffer_fill_ratio: 1.0000
  recent_loss: 3.1766
  avg_game_length: 120.0000

2026-02-24 19:19:48 [INFO] Round 22 complete (182.2s) Metrics Summary (elapsed: 547.8s)

est:
  games: 150
  train_steps: 30
  buffer_size: 30000
  buffer_fill_ratio: 1.0000
  recent_loss: 2.6978
  avg_game_length: 119.3400

attack:
  games: 150
  train_steps: 30
  buffer_size: 30000
  buffer_fill_ratio: 1.0000
  recent_loss: 3.2298
  avg_game_length: 120.0000

baseline:
  games: 150
  train_steps: 30
  buffer_size: 30000
  buffer_fill_ratio: 1.0000
  recent_loss: 2.9332
  avg_game_length: 120.0000

2026-02-24 19:22:50 [INFO] Round 23 complete (181.9s) Metrics Summary (elapsed: 729.7s)

est:
  games: 200
  train_steps: 40
  buffer_size: 30000
  buffer_fill_ratio: 1.0000
  recent_loss: 2.7117
  avg_game_length: 120.0000

attack:
  games: 200
  train_steps: 40
  buffer_size: 30000
  buffer_fill_ratio: 1.0000
  recent_loss: 3.2067
  avg_game_length: 120.0000

baseline:
  games: 200
  train_steps: 40
  buffer_size: 30000
  buffer_fill_ratio: 1.0000
  recent_loss: 2.9611
  avg_game_length: 120.0000

2026-02-24 19:25:55 [INFO] Round 24 complete (185.2s) Metrics Summary (elapsed: 914.9s)

est:
  games: 250
  train_steps: 50
  buffer_size: 30000
  buffer_fill_ratio: 1.0000
  recent_loss: 2.6348
  avg_game_length: 119.2200

attack:
  games: 250
  train_steps: 50
  buffer_size: 30000
  buffer_fill_ratio: 1.0000
  recent_loss: 3.2325
  avg_game_length: 120.0000

baseline:
  games: 250
  train_steps: 50
  buffer_size: 30000
  buffer_fill_ratio: 1.0000
  recent_loss: 2.9483
  avg_game_length: 120.0000

2026-02-24 19:25:55 [INFO] Saved metrics checkpoint: C:\Users\Ricar\Desktop\projects\Chess\train\logs\metrics_round_24_20260224_192555.json
2026-02-24 19:28:57 [INFO] Round 25 complete (182.0s) Metrics Summary (elapsed: 1096.9s)

est:
  games: 300
  train_steps: 60
  buffer_size: 30000
  buffer_fill_ratio: 1.0000
  recent_loss: 2.6664
  avg_game_length: 119.2000

attack:
  games: 300
  train_steps: 60
  buffer_size: 30000
  buffer_fill_ratio: 1.0000
  recent_loss: 2.9477
  avg_game_length: 120.0000

baseline:
  games: 300
  train_steps: 60
  buffer_size: 30000
  buffer_fill_ratio: 1.0000
  recent_loss: 2.8219
  avg_game_length: 120.0000

2026-02-24 19:31:58 [INFO] Round 26 complete (181.1s) Metrics Summary (elapsed: 1278.0s)

est:
  games: 350
  train_steps: 70
  buffer_size: 30000
  buffer_fill_ratio: 1.0000
  recent_loss: 2.6604
  avg_game_length: 119.9800

attack:
  games: 350
  train_steps: 70
  buffer_size: 30000
  buffer_fill_ratio: 1.0000
  recent_loss: 3.0798
  avg_game_length: 120.0000

baseline:
  games: 350
  train_steps: 70
  buffer_size: 30000
  buffer_fill_ratio: 1.0000
  recent_loss: 2.6686
  avg_game_length: 120.0000

2026-02-24 19:34:58 [INFO] Round 27 complete (179.6s) Metrics Summary (elapsed: 1457.6s)

est:
  games: 400
  train_steps: 80
  buffer_size: 30000
  buffer_fill_ratio: 1.0000
  recent_loss: 2.6215
  avg_game_length: 118.0400

attack:
  games: 400
  train_steps: 80
  buffer_size: 30000
  buffer_fill_ratio: 1.0000
  recent_loss: 2.8572
  avg_game_length: 120.0000

baseline:
  games: 400
  train_steps: 80
  buffer_size: 30000
  buffer_fill_ratio: 1.0000
  recent_loss: 2.9253
  avg_game_length: 120.0000

2026-02-24 19:38:01 [INFO] Round 28 complete (183.3s) Metrics Summary (elapsed: 1641.0s)

est:
  games: 450
  train_steps: 90
  buffer_size: 30000
  buffer_fill_ratio: 1.0000
  recent_loss: 2.6427
  avg_game_length: 118.0000

attack:
  games: 450
  train_steps: 90
  buffer_size: 30000
  buffer_fill_ratio: 1.0000
  recent_loss: 2.9368
  avg_game_length: 120.0000

baseline:
  games: 450
  train_steps: 90
  buffer_size: 30000
  buffer_fill_ratio: 1.0000
  recent_loss: 2.6039
  avg_game_length: 120.0000

2026-02-24 19:41:10 [INFO] Round 29 complete (189.0s) Metrics Summary (elapsed: 1829.9s)

est:
  games: 500
  train_steps: 100
  buffer_size: 30000
  buffer_fill_ratio: 1.0000
  recent_loss: 2.5165
  avg_game_length: 119.9600

attack:
  games: 500
  train_steps: 100
  buffer_size: 30000
  buffer_fill_ratio: 1.0000
  recent_loss: 2.9514
  avg_game_length: 120.0000

baseline:
  games: 500
  train_steps: 100
  buffer_size: 30000
  buffer_fill_ratio: 1.0000
  recent_loss: 2.7096
  avg_game_length: 120.0000

2026-02-24 19:41:10 [INFO] Saved metrics checkpoint: C:\Users\Ricar\Desktop\projects\Chess\train\logs\metrics_round_29_20260224_194110.json
2026-02-24 19:44:13 [INFO] Round 30 complete (183.2s) Metrics Summary (elapsed: 2013.1s)

est:
  games: 550
  train_steps: 110
  buffer_size: 30000
  buffer_fill_ratio: 1.0000
  recent_loss: 2.6886
  avg_game_length: 119.6800

attack:
  games: 550
  train_steps: 110
  buffer_size: 30000
  buffer_fill_ratio: 1.0000
  recent_loss: 2.8694
  avg_game_length: 120.0000

baseline:
  games: 550
  train_steps: 110
  buffer_size: 30000
  buffer_fill_ratio: 1.0000
  recent_loss: 2.9546
  avg_game_length: 120.0000

2026-02-24 19:47:18 [INFO] Round 31 complete (184.2s) Metrics Summary (elapsed: 2197.3s)

est:
  games: 600
  train_steps: 120
  buffer_size: 30000
  buffer_fill_ratio: 1.0000
  recent_loss: 2.5696
  avg_game_length: 119.4000

attack:
  games: 600
  train_steps: 120
  buffer_size: 30000
  buffer_fill_ratio: 1.0000
  recent_loss: 2.5806
  avg_game_length: 120.0000

baseline:
  games: 600
  train_steps: 120
  buffer_size: 30000
  buffer_fill_ratio: 1.0000
  recent_loss: 2.7162
  avg_game_length: 120.0000

2026-02-24 19:50:24 [INFO] Round 32 complete (186.8s) Metrics Summary (elapsed: 2384.0s)

est:
  games: 650
  train_steps: 130
  buffer_size: 30000
  buffer_fill_ratio: 1.0000
  recent_loss: 2.6658
  avg_game_length: 119.0200

attack:
  games: 650
  train_steps: 130
  buffer_size: 30000
  buffer_fill_ratio: 1.0000
  recent_loss: 2.7645
  avg_game_length: 120.0000

baseline:
  games: 650
  train_steps: 130
  buffer_size: 30000
  buffer_fill_ratio: 1.0000
  recent_loss: 2.6258
  avg_game_length: 120.0000

2026-02-24 19:53:27 [INFO] Round 33 complete (182.1s) Metrics Summary (elapsed: 2566.2s)

est:
  games: 700
  train_steps: 140
  buffer_size: 30000
  buffer_fill_ratio: 1.0000
  recent_loss: 2.4495
  avg_game_length: 119.0600

attack:
  games: 700
  train_steps: 140
  buffer_size: 30000
  buffer_fill_ratio: 1.0000
  recent_loss: 2.6842
  avg_game_length: 120.0000

baseline:
  games: 700
  train_steps: 140
  buffer_size: 30000
  buffer_fill_ratio: 1.0000
  recent_loss: 2.6440
  avg_game_length: 119.8000

2026-02-24 19:56:37 [INFO] Round 34 complete (190.7s) Metrics Summary (elapsed: 2756.9s)

est:
  games: 750
  train_steps: 150
  buffer_size: 30000
  buffer_fill_ratio: 1.0000
  recent_loss: 2.5973
  avg_game_length: 119.7600

attack:
  games: 750
  train_steps: 150
  buffer_size: 30000
  buffer_fill_ratio: 1.0000
  recent_loss: 2.6170
  avg_game_length: 120.0000

baseline:
  games: 750
  train_steps: 150
  buffer_size: 30000
  buffer_fill_ratio: 1.0000
  recent_loss: 2.5857
  avg_game_length: 119.7900

2026-02-24 19:56:37 [INFO] Saved metrics checkpoint: C:\Users\Ricar\Desktop\projects\Chess\train\logs\metrics_round_34_20260224_195637.json
2026-02-24 19:59:40 [INFO] Round 35 complete (183.2s) Metrics Summary (elapsed: 2940.1s)

est:
  games: 800
  train_steps: 160
  buffer_size: 30000
  buffer_fill_ratio: 1.0000
  recent_loss: 2.5179
  avg_game_length: 119.8600

attack:
  games: 800
  train_steps: 160
  buffer_size: 30000
  buffer_fill_ratio: 1.0000
  recent_loss: 2.6129
  avg_game_length: 120.0000

baseline:
  games: 800
  train_steps: 160
  buffer_size: 30000
  buffer_fill_ratio: 1.0000
  recent_loss: 2.6399
  avg_game_length: 119.6100

2026-02-24 20:02:43 [INFO] Round 36 complete (182.1s) Metrics Summary (elapsed: 3122.2s)

est:
  games: 850
  train_steps: 170
  buffer_size: 30000
  buffer_fill_ratio: 1.0000
  recent_loss: 2.4040
  avg_game_length: 119.3600

attack:
  games: 850
  train_steps: 170
  buffer_size: 30000
  buffer_fill_ratio: 1.0000
  recent_loss: 2.6281
  avg_game_length: 119.5600

baseline:
  games: 850
  train_steps: 170
  buffer_size: 30000
  buffer_fill_ratio: 1.0000
  recent_loss: 2.4932
  avg_game_length: 119.6200

2026-02-24 20:05:56 [INFO] Round 37 complete (193.6s) Metrics Summary (elapsed: 3315.8s)

est:
  games: 900
  train_steps: 180
  buffer_size: 30000
  buffer_fill_ratio: 1.0000
  recent_loss: 2.4525
  avg_game_length: 119.5000

attack:
  games: 900
  train_steps: 180
  buffer_size: 30000
  buffer_fill_ratio: 1.0000
  recent_loss: 2.6304
  avg_game_length: 119.5600

baseline:
  games: 900
  train_steps: 180
  buffer_size: 30000
  buffer_fill_ratio: 1.0000
  recent_loss: 2.5638
  avg_game_length: 119.5800

2026-02-24 20:09:16 [INFO] Saved metrics checkpoint: C:\Users\Ricar\Desktop\projects\Chess\train\logs\metrics_interrupted_20260224_200916.json
2026-02-25 01:24:50 [INFO] Round 35 complete (185.3s) Metrics Summary (elapsed: 188.1s)

est:
  games: 50
  train_steps: 10
  buffer_size: 30000
  buffer_fill_ratio: 1.0000
  recent_loss: 2.4362
  avg_game_length: 120.0000

attack:
  games: 50
  train_steps: 10
  buffer_size: 30000
  buffer_fill_ratio: 1.0000
  recent_loss: 2.4975
  avg_game_length: 120.0000

baseline:
  games: 50
  train_steps: 10
  buffer_size: 30000
  buffer_fill_ratio: 1.0000
  recent_loss: 2.6414
  avg_game_length: 118.6400

2026-02-25 01:27:50 [INFO] Round 36 complete (180.3s) Metrics Summary (elapsed: 368.4s)

est:
  games: 100
  train_steps: 20
  buffer_size: 30000
  buffer_fill_ratio: 1.0000
  recent_loss: 2.5143
  avg_game_length: 120.0000

attack:
  games: 100
  train_steps: 20
  buffer_size: 30000
  buffer_fill_ratio: 1.0000
  recent_loss: 2.4284
  avg_game_length: 120.0000

baseline:
  games: 100
  train_steps: 20
  buffer_size: 30000
  buffer_fill_ratio: 1.0000
  recent_loss: 2.5736
  avg_game_length: 119.3200

2026-02-25 01:30:54 [INFO] Round 37 complete (183.6s) Metrics Summary (elapsed: 552.0s)

est:
  games: 150
  train_steps: 30
  buffer_size: 30000
  buffer_fill_ratio: 1.0000
  recent_loss: 2.5570
  avg_game_length: 120.0000

attack:
  games: 150
  train_steps: 30
  buffer_size: 30000
  buffer_fill_ratio: 1.0000
  recent_loss: 2.6034
  avg_game_length: 120.0000

baseline:
  games: 150
  train_steps: 30
  buffer_size: 30000
  buffer_fill_ratio: 1.0000
  recent_loss: 2.6214
  avg_game_length: 120.0000

2026-02-25 01:33:59 [INFO] Round 38 complete (184.8s) Metrics Summary (elapsed: 736.8s)

est:
  games: 200
  train_steps: 40
  buffer_size: 30000
  buffer_fill_ratio: 1.0000
  recent_loss: 2.5405
  avg_game_length: 118.4400

attack:
  games: 200
  train_steps: 40
  buffer_size: 30000
  buffer_fill_ratio: 1.0000
  recent_loss: 2.5651
  avg_game_length: 120.0000

baseline:
  games: 200
  train_steps: 40
  buffer_size: 30000
  buffer_fill_ratio: 1.0000
  recent_loss: 2.4951
  avg_game_length: 120.0000

2026-02-25 01:37:04 [INFO] Round 39 complete (184.7s) Metrics Summary (elapsed: 921.5s)

est:
  games: 250
  train_steps: 50
  buffer_size: 30000
  buffer_fill_ratio: 1.0000
  recent_loss: 2.5168
  avg_game_length: 117.4600

attack:
  games: 250
  train_steps: 50
  buffer_size: 30000
  buffer_fill_ratio: 1.0000
  recent_loss: 2.4766
  avg_game_length: 120.0000

baseline:
  games: 250
  train_steps: 50
  buffer_size: 30000
  buffer_fill_ratio: 1.0000
  recent_loss: 2.6971
  avg_game_length: 120.0000

2026-02-25 01:37:04 [INFO] Saved metrics checkpoint: C:\Users\Ricar\Desktop\projects\Chess\train\logs\metrics_round_39_20260225_013704.json
2026-02-25 01:40:04 [INFO] Round 40 complete (180.4s) Metrics Summary (elapsed: 1102.0s)

est:
  games: 300
  train_steps: 60
  buffer_size: 30000
  buffer_fill_ratio: 1.0000
  recent_loss: 2.5945
  avg_game_length: 117.7000

attack:
  games: 300
  train_steps: 60
  buffer_size: 30000
  buffer_fill_ratio: 1.0000
  recent_loss: 2.5963
  avg_game_length: 120.0000

baseline:
  games: 300
  train_steps: 60
  buffer_size: 30000
  buffer_fill_ratio: 1.0000
  recent_loss: 2.4549
  avg_game_length: 120.0000

2026-02-25 01:43:04 [INFO] Round 41 complete (179.8s) Metrics Summary (elapsed: 1281.8s)

est:
  games: 350
  train_steps: 70
  buffer_size: 30000
  buffer_fill_ratio: 1.0000
  recent_loss: 2.4217
  avg_game_length: 118.6800

attack:
  games: 350
  train_steps: 70
  buffer_size: 30000
  buffer_fill_ratio: 1.0000
  recent_loss: 2.5998
  avg_game_length: 120.0000

baseline:
  games: 350
  train_steps: 70
  buffer_size: 30000
  buffer_fill_ratio: 1.0000
  recent_loss: 2.5939
  avg_game_length: 120.0000

2026-02-25 01:46:03 [INFO] Round 42 complete (178.9s) Metrics Summary (elapsed: 1460.7s)

est:
  games: 400
  train_steps: 80
  buffer_size: 30000
  buffer_fill_ratio: 1.0000
  recent_loss: 2.4360
  avg_game_length: 118.4200

attack:
  games: 400
  train_steps: 80
  buffer_size: 30000
  buffer_fill_ratio: 1.0000
  recent_loss: 2.3755
  avg_game_length: 120.0000

baseline:
  games: 400
  train_steps: 80
  buffer_size: 30000
  buffer_fill_ratio: 1.0000
  recent_loss: 2.6611
  avg_game_length: 120.0000

2026-02-25 01:49:04 [INFO] Round 43 complete (181.7s) Metrics Summary (elapsed: 1642.4s)

est:
  games: 450
  train_steps: 90
  buffer_size: 30000
  buffer_fill_ratio: 1.0000
  recent_loss: 2.2329
  avg_game_length: 118.4200

attack:
  games: 450
  train_steps: 90
  buffer_size: 30000
  buffer_fill_ratio: 1.0000
  recent_loss: 2.6208
  avg_game_length: 120.0000

baseline:
  games: 450
  train_steps: 90
  buffer_size: 30000
  buffer_fill_ratio: 1.0000
  recent_loss: 2.3516
  avg_game_length: 119.1200

2026-02-25 01:52:09 [INFO] Round 44 complete (184.8s) Metrics Summary (elapsed: 1827.3s)

est:
  games: 500
  train_steps: 100
  buffer_size: 30000
  buffer_fill_ratio: 1.0000
  recent_loss: 2.2975
  avg_game_length: 120.0000

attack:
  games: 500
  train_steps: 100
  buffer_size: 30000
  buffer_fill_ratio: 1.0000
  recent_loss: 2.6824
  avg_game_length: 120.0000

baseline:
  games: 500
  train_steps: 100
  buffer_size: 30000
  buffer_fill_ratio: 1.0000
  recent_loss: 2.5294
  avg_game_length: 119.1200

2026-02-25 01:52:09 [INFO] Saved metrics checkpoint: C:\Users\Ricar\Desktop\projects\Chess\train\logs\metrics_round_44_20260225_015209.json
2026-02-25 01:55:12 [INFO] Round 45 complete (183.0s) Metrics Summary (elapsed: 2010.3s)

est:
  games: 550
  train_steps: 110
  buffer_size: 30000
  buffer_fill_ratio: 1.0000
  recent_loss: 2.2739
  avg_game_length: 119.1600

attack:
  games: 550
  train_steps: 110
  buffer_size: 30000
  buffer_fill_ratio: 1.0000
  recent_loss: 2.4372
  avg_game_length: 120.0000

baseline:
  games: 550
  train_steps: 110
  buffer_size: 30000
  buffer_fill_ratio: 1.0000
  recent_loss: 2.4735
  avg_game_length: 120.0000

2026-02-25 01:58:16 [INFO] Round 46 complete (183.9s) Metrics Summary (elapsed: 2194.2s)

est:
  games: 600
  train_steps: 120
  buffer_size: 30000
  buffer_fill_ratio: 1.0000
  recent_loss: 2.2851
  avg_game_length: 119.1000

attack:
  games: 600
  train_steps: 120
  buffer_size: 30000
  buffer_fill_ratio: 1.0000
  recent_loss: 2.5193
  avg_game_length: 120.0000

baseline:
  games: 600
  train_steps: 120
  buffer_size: 30000
  buffer_fill_ratio: 1.0000
  recent_loss: 2.2952
  avg_game_length: 120.0000

2026-02-25 02:01:20 [INFO] Round 47 complete (184.0s) Metrics Summary (elapsed: 2378.1s)

est:
  games: 650
  train_steps: 130
  buffer_size: 30000
  buffer_fill_ratio: 1.0000
  recent_loss: 2.3001
  avg_game_length: 119.9400

attack:
  games: 650
  train_steps: 130
  buffer_size: 30000
  buffer_fill_ratio: 1.0000
  recent_loss: 2.5720
  avg_game_length: 120.0000

baseline:
  games: 650
  train_steps: 130
  buffer_size: 30000
  buffer_fill_ratio: 1.0000
  recent_loss: 2.5143
  avg_game_length: 120.0000

2026-02-25 02:04:22 [INFO] Round 48 complete (182.2s) Metrics Summary (elapsed: 2560.4s)

est:
  games: 700
  train_steps: 140
  buffer_size: 30000
  buffer_fill_ratio: 1.0000
  recent_loss: 2.2516
  avg_game_length: 120.0000

attack:
  games: 700
  train_steps: 140
  buffer_size: 30000
  buffer_fill_ratio: 1.0000
  recent_loss: 2.4607
  avg_game_length: 120.0000

baseline:
  games: 700
  train_steps: 140
  buffer_size: 30000
  buffer_fill_ratio: 1.0000
  recent_loss: 2.3513
  avg_game_length: 120.0000

2026-02-25 02:07:28 [INFO] Round 49 complete (185.6s) Metrics Summary (elapsed: 2746.0s)

est:
  games: 750
  train_steps: 150
  buffer_size: 30000
  buffer_fill_ratio: 1.0000
  recent_loss: 2.3706
  avg_game_length: 119.4400

attack:
  games: 750
  train_steps: 150
  buffer_size: 30000
  buffer_fill_ratio: 1.0000
  recent_loss: 2.5348
  avg_game_length: 120.0000

baseline:
  games: 750
  train_steps: 150
  buffer_size: 30000
  buffer_fill_ratio: 1.0000
  recent_loss: 2.6464
  avg_game_length: 120.0000

2026-02-25 02:07:28 [INFO] Saved metrics checkpoint: C:\Users\Ricar\Desktop\projects\Chess\train\logs\metrics_round_49_20260225_020728.json
2026-02-25 02:10:28 [INFO] Round 50 complete (180.4s) Metrics Summary (elapsed: 2926.4s)

est:
  games: 800
  train_steps: 160
  buffer_size: 30000
  buffer_fill_ratio: 1.0000
  recent_loss: 2.2946
  avg_game_length: 117.2200

attack:
  games: 800
  train_steps: 160
  buffer_size: 30000
  buffer_fill_ratio: 1.0000
  recent_loss: 2.4389
  avg_game_length: 120.0000

baseline:
  games: 800
  train_steps: 160
  buffer_size: 30000
  buffer_fill_ratio: 1.0000
  recent_loss: 2.2012
  avg_game_length: 120.0000

2026-02-25 02:13:30 [INFO] Round 51 complete (182.0s) Metrics Summary (elapsed: 3108.4s)

est:
  games: 850
  train_steps: 170
  buffer_size: 30000
  buffer_fill_ratio: 1.0000
  recent_loss: 2.2939
  avg_game_length: 116.8500

attack:
  games: 850
  train_steps: 170
  buffer_size: 30000
  buffer_fill_ratio: 1.0000
  recent_loss: 2.1913
  avg_game_length: 120.0000

baseline:
  games: 850
  train_steps: 170
  buffer_size: 30000
  buffer_fill_ratio: 1.0000
  recent_loss: 2.3455
  avg_game_length: 120.0000

2026-02-25 02:16:34 [INFO] Round 52 complete (183.2s) Metrics Summary (elapsed: 3291.6s)

est:
  games: 900
  train_steps: 180
  buffer_size: 30000
  buffer_fill_ratio: 1.0000
  recent_loss: 2.3111
  avg_game_length: 118.9300

attack:
  games: 900
  train_steps: 180
  buffer_size: 30000
  buffer_fill_ratio: 1.0000
  recent_loss: 2.3924
  avg_game_length: 120.0000

baseline:
  games: 900
  train_steps: 180
  buffer_size: 30000
  buffer_fill_ratio: 1.0000
  recent_loss: 2.4381
  avg_game_length: 120.0000

2026-02-25 02:19:36 [INFO] Round 53 complete (182.2s) Metrics Summary (elapsed: 3473.8s)

est:
  games: 950
  train_steps: 190
  buffer_size: 30000
  buffer_fill_ratio: 1.0000
  recent_loss: 2.2849
  avg_game_length: 119.7800

attack:
  games: 950
  train_steps: 190
  buffer_size: 30000
  buffer_fill_ratio: 1.0000
  recent_loss: 2.3747
  avg_game_length: 120.0000

baseline:
  games: 950
  train_steps: 190
  buffer_size: 30000
  buffer_fill_ratio: 1.0000
  recent_loss: 2.3571
  avg_game_length: 120.0000

2026-02-25 02:22:42 [INFO] Round 54 complete (186.6s) Metrics Summary (elapsed: 3660.5s)

est:
  games: 1000
  train_steps: 200
  buffer_size: 30000
  buffer_fill_ratio: 1.0000
  recent_loss: 2.3279
  avg_game_length: 118.8200

attack:
  games: 1000
  train_steps: 200
  buffer_size: 30000
  buffer_fill_ratio: 1.0000
  recent_loss: 2.4379
  avg_game_length: 120.0000

baseline:
  games: 1000
  train_steps: 200
  buffer_size: 30000
  buffer_fill_ratio: 1.0000
  recent_loss: 2.3885
  avg_game_length: 119.4000

2026-02-25 02:22:42 [INFO] Saved metrics checkpoint: C:\Users\Ricar\Desktop\projects\Chess\train\logs\metrics_round_54_20260225_022242.json
2026-02-25 02:25:46 [INFO] Round 55 complete (183.9s) Metrics Summary (elapsed: 3844.4s)

est:
  games: 1050
  train_steps: 210
  buffer_size: 30000
  buffer_fill_ratio: 1.0000
  recent_loss: 2.3232
  avg_game_length: 118.9000

attack:
  games: 1050
  train_steps: 210
  buffer_size: 30000
  buffer_fill_ratio: 1.0000
  recent_loss: 2.4053
  avg_game_length: 120.0000

baseline:
  games: 1050
  train_steps: 210
  buffer_size: 30000
  buffer_fill_ratio: 1.0000
  recent_loss: 2.4383
  avg_game_length: 119.4000

2026-02-25 02:28:49 [INFO] Round 56 complete (182.6s) Metrics Summary (elapsed: 4027.0s)

est:
  games: 1100
  train_steps: 220
  buffer_size: 30000
  buffer_fill_ratio: 1.0000
  recent_loss: 2.2514
  avg_game_length: 119.1600

attack:
  games: 1100
  train_steps: 220
  buffer_size: 30000
  buffer_fill_ratio: 1.0000
  recent_loss: 2.4801
  avg_game_length: 120.0000

baseline:
  games: 1100
  train_steps: 220
  buffer_size: 30000
  buffer_fill_ratio: 1.0000
  recent_loss: 2.2742
  avg_game_length: 119.6200

2026-02-25 02:31:52 [INFO] Round 57 complete (182.6s) Metrics Summary (elapsed: 4209.6s)

est:
  games: 1150
  train_steps: 230
  buffer_size: 30000
  buffer_fill_ratio: 1.0000
  recent_loss: 2.2768
  avg_game_length: 118.3300

attack:
  games: 1150
  train_steps: 230
  buffer_size: 30000
  buffer_fill_ratio: 1.0000
  recent_loss: 2.3778
  avg_game_length: 120.0000

baseline:
  games: 1150
  train_steps: 230
  buffer_size: 30000
  buffer_fill_ratio: 1.0000
  recent_loss: 2.4743
  avg_game_length: 119.6200

2026-02-25 02:34:55 [INFO] Round 58 complete (183.8s) Metrics Summary (elapsed: 4393.4s)

est:
  games: 1200
  train_steps: 240
  buffer_size: 30000
  buffer_fill_ratio: 1.0000
  recent_loss: 2.4153
  avg_game_length: 118.8900

attack:
  games: 1200
  train_steps: 240
  buffer_size: 30000
  buffer_fill_ratio: 1.0000
  recent_loss: 2.3446
  avg_game_length: 120.0000

baseline:
  games: 1200
  train_steps: 240
  buffer_size: 30000
  buffer_fill_ratio: 1.0000
  recent_loss: 2.4880
  avg_game_length: 119.6600

2026-02-25 02:38:00 [INFO] Round 59 complete (185.0s) Metrics Summary (elapsed: 4578.4s)

est:
  games: 1250
  train_steps: 250
  buffer_size: 30000
  buffer_fill_ratio: 1.0000
  recent_loss: 2.3948
  avg_game_length: 118.3000

attack:
  games: 1250
  train_steps: 250
  buffer_size: 30000
  buffer_fill_ratio: 1.0000
  recent_loss: 2.4198
  avg_game_length: 120.0000

baseline:
  games: 1250
  train_steps: 250
  buffer_size: 30000
  buffer_fill_ratio: 1.0000
  recent_loss: 2.2717
  avg_game_length: 119.1600

2026-02-25 02:38:00 [INFO] Saved metrics checkpoint: C:\Users\Ricar\Desktop\projects\Chess\train\logs\metrics_round_59_20260225_023800.json
2026-02-25 02:41:03 [INFO] Round 60 complete (182.4s) Metrics Summary (elapsed: 4760.8s)

est:
  games: 1300
  train_steps: 260
  buffer_size: 30000
  buffer_fill_ratio: 1.0000
  recent_loss: 2.3268
  avg_game_length: 118.5800

attack:
  games: 1300
  train_steps: 260
  buffer_size: 30000
  buffer_fill_ratio: 1.0000
  recent_loss: 2.3667
  avg_game_length: 120.0000

baseline:
  games: 1300
  train_steps: 260
  buffer_size: 30000
  buffer_fill_ratio: 1.0000
  recent_loss: 2.2576
  avg_game_length: 119.5000

2026-02-25 02:44:06 [INFO] Round 61 complete (183.6s) Metrics Summary (elapsed: 4944.3s)

est:
  games: 1350
  train_steps: 270
  buffer_size: 30000
  buffer_fill_ratio: 1.0000
  recent_loss: 2.2205
  avg_game_length: 120.0000

attack:
  games: 1350
  train_steps: 270
  buffer_size: 30000
  buffer_fill_ratio: 1.0000
  recent_loss: 2.2571
  avg_game_length: 120.0000

baseline:
  games: 1350
  train_steps: 270
  buffer_size: 30000
  buffer_fill_ratio: 1.0000
  recent_loss: 2.5243
  avg_game_length: 120.0000

2026-02-25 02:47:09 [INFO] Round 62 complete (183.0s) Metrics Summary (elapsed: 5127.4s)

est:
  games: 1400
  train_steps: 280
  buffer_size: 30000
  buffer_fill_ratio: 1.0000
  recent_loss: 2.3091
  avg_game_length: 119.2000

attack:
  games: 1400
  train_steps: 280
  buffer_size: 30000
  buffer_fill_ratio: 1.0000
  recent_loss: 2.4744
  avg_game_length: 120.0000

baseline:
  games: 1400
  train_steps: 280
  buffer_size: 30000
  buffer_fill_ratio: 1.0000
  recent_loss: 2.4700
  avg_game_length: 120.0000

2026-02-25 02:50:12 [INFO] Round 63 complete (182.3s) Metrics Summary (elapsed: 5309.7s)

est:
  games: 1450
  train_steps: 290
  buffer_size: 30000
  buffer_fill_ratio: 1.0000
  recent_loss: 2.3661
  avg_game_length: 118.9200

attack:
  games: 1450
  train_steps: 290
  buffer_size: 30000
  buffer_fill_ratio: 1.0000
  recent_loss: 2.4587
  avg_game_length: 119.9200

baseline:
  games: 1450
  train_steps: 290
  buffer_size: 30000
  buffer_fill_ratio: 1.0000
  recent_loss: 2.4010
  avg_game_length: 120.0000

2026-02-25 02:53:24 [INFO] Round 64 complete (191.9s) Metrics Summary (elapsed: 5501.5s)

est:
  games: 1500
  train_steps: 300
  buffer_size: 30000
  buffer_fill_ratio: 1.0000
  recent_loss: 2.2811
  avg_game_length: 119.1200

attack:
  games: 1500
  train_steps: 300
  buffer_size: 30000
  buffer_fill_ratio: 1.0000
  recent_loss: 2.3486
  avg_game_length: 119.9200

baseline:
  games: 1500
  train_steps: 300
  buffer_size: 30000
  buffer_fill_ratio: 1.0000
  recent_loss: 2.4170
  avg_game_length: 119.3800

2026-02-25 02:53:24 [INFO] Saved metrics checkpoint: C:\Users\Ricar\Desktop\projects\Chess\train\logs\metrics_round_64_20260225_025324.json
2026-02-25 02:56:26 [INFO] Round 65 complete (182.8s) Metrics Summary (elapsed: 5684.4s)

est:
  games: 1550
  train_steps: 310
  buffer_size: 30000
  buffer_fill_ratio: 1.0000
  recent_loss: 2.2951
  avg_game_length: 117.8600

attack:
  games: 1550
  train_steps: 310
  buffer_size: 30000
  buffer_fill_ratio: 1.0000
  recent_loss: 2.4499
  avg_game_length: 120.0000

baseline:
  games: 1550
  train_steps: 310
  buffer_size: 30000
  buffer_fill_ratio: 1.0000
  recent_loss: 2.4513
  avg_game_length: 119.2900

2026-02-25 02:59:32 [INFO] Round 66 complete (185.2s) Metrics Summary (elapsed: 5869.5s)

est:
  games: 1600
  train_steps: 320
  buffer_size: 30000
  buffer_fill_ratio: 1.0000
  recent_loss: 2.3418
  avg_game_length: 118.4600

attack:
  games: 1600
  train_steps: 320
  buffer_size: 30000
  buffer_fill_ratio: 1.0000
  recent_loss: 2.3693
  avg_game_length: 120.0000

baseline:
  games: 1600
  train_steps: 320
  buffer_size: 30000
  buffer_fill_ratio: 1.0000
  recent_loss: 2.2659
  avg_game_length: 119.9100

2026-02-25 03:02:32 [INFO] Round 67 complete (180.7s) Metrics Summary (elapsed: 6050.3s)

est:
  games: 1650
  train_steps: 330
  buffer_size: 30000
  buffer_fill_ratio: 1.0000
  recent_loss: 2.3462
  avg_game_length: 119.5000

attack:
  games: 1650
  train_steps: 330
  buffer_size: 30000
  buffer_fill_ratio: 1.0000
  recent_loss: 2.5149
  avg_game_length: 120.0000

baseline:
  games: 1650
  train_steps: 330
  buffer_size: 30000
  buffer_fill_ratio: 1.0000
  recent_loss: 2.3867
  avg_game_length: 120.0000

2026-02-25 03:05:37 [INFO] Round 68 complete (184.7s) Metrics Summary (elapsed: 6235.0s)

est:
  games: 1700
  train_steps: 340
  buffer_size: 30000
  buffer_fill_ratio: 1.0000
  recent_loss: 2.2587
  avg_game_length: 119.1600

attack:
  games: 1700
  train_steps: 340
  buffer_size: 30000
  buffer_fill_ratio: 1.0000
  recent_loss: 2.3958
  avg_game_length: 120.0000

baseline:
  games: 1700
  train_steps: 340
  buffer_size: 30000
  buffer_fill_ratio: 1.0000
  recent_loss: 2.2031
  avg_game_length: 120.0000

2026-02-25 03:08:45 [INFO] Round 69 complete (188.4s) Metrics Summary (elapsed: 6423.4s)

est:
  games: 1750
  train_steps: 350
  buffer_size: 30000
  buffer_fill_ratio: 1.0000
  recent_loss: 2.2220
  avg_game_length: 119.6600

attack:
  games: 1750
  train_steps: 350
  buffer_size: 30000
  buffer_fill_ratio: 1.0000
  recent_loss: 2.3456
  avg_game_length: 120.0000

baseline:
  games: 1750
  train_steps: 350
  buffer_size: 30000
  buffer_fill_ratio: 1.0000
  recent_loss: 2.3087
  avg_game_length: 119.4600

2026-02-25 03:08:45 [INFO] Saved metrics checkpoint: C:\Users\Ricar\Desktop\projects\Chess\train\logs\metrics_round_69_20260225_030845.json
2026-02-25 03:11:49 [INFO] Round 70 complete (183.1s) Metrics Summary (elapsed: 6606.5s)

est:
  games: 1800
  train_steps: 360
  buffer_size: 30000
  buffer_fill_ratio: 1.0000
  recent_loss: 2.2463
  avg_game_length: 119.4400

attack:
  games: 1800
  train_steps: 360
  buffer_size: 30000
  buffer_fill_ratio: 1.0000
  recent_loss: 2.2918
  avg_game_length: 120.0000

baseline:
  games: 1800
  train_steps: 360
  buffer_size: 30000
  buffer_fill_ratio: 1.0000
  recent_loss: 2.3722
  avg_game_length: 119.4600

2026-02-25 03:14:51 [INFO] Round 71 complete (182.8s) Metrics Summary (elapsed: 6789.4s)

est:
  games: 1850
  train_steps: 370
  buffer_size: 30000
  buffer_fill_ratio: 1.0000
  recent_loss: 2.2596
  avg_game_length: 118.8400

attack:
  games: 1850
  train_steps: 370
  buffer_size: 30000
  buffer_fill_ratio: 1.0000
  recent_loss: 2.3410
  avg_game_length: 120.0000

baseline:
  games: 1850
  train_steps: 370
  buffer_size: 30000
  buffer_fill_ratio: 1.0000
  recent_loss: 2.3529
  avg_game_length: 120.0000

2026-02-25 03:17:57 [INFO] Round 72 complete (185.8s) Metrics Summary (elapsed: 6975.2s)

est:
  games: 1900
  train_steps: 380
  buffer_size: 30000
  buffer_fill_ratio: 1.0000
  recent_loss: 2.3049
  avg_game_length: 118.9400

attack:
  games: 1900
  train_steps: 380
  buffer_size: 30000
  buffer_fill_ratio: 1.0000
  recent_loss: 2.2461
  avg_game_length: 120.0000

baseline:
  games: 1900
  train_steps: 380
  buffer_size: 30000
  buffer_fill_ratio: 1.0000
  recent_loss: 2.3184
  avg_game_length: 119.1600

2026-02-25 03:21:03 [INFO] Round 73 complete (185.3s) Metrics Summary (elapsed: 7160.6s)

est:
  games: 1950
  train_steps: 390
  buffer_size: 30000
  buffer_fill_ratio: 1.0000
  recent_loss: 2.2538
  avg_game_length: 119.5400

attack:
  games: 1950
  train_steps: 390
  buffer_size: 30000
  buffer_fill_ratio: 1.0000
  recent_loss: 2.2826
  avg_game_length: 120.0000

baseline:
  games: 1950
  train_steps: 390
  buffer_size: 30000
  buffer_fill_ratio: 1.0000
  recent_loss: 2.1140
  avg_game_length: 119.1600

2026-02-25 03:24:14 [INFO] Round 74 complete (191.2s) Metrics Summary (elapsed: 7351.7s)

est:
  games: 2000
  train_steps: 400
  buffer_size: 30000
  buffer_fill_ratio: 1.0000
  recent_loss: 2.1496
  avg_game_length: 119.9400

attack:
  games: 2000
  train_steps: 400
  buffer_size: 30000
  buffer_fill_ratio: 1.0000
  recent_loss: 2.3173
  avg_game_length: 120.0000

baseline:
  games: 2000
  train_steps: 400
  buffer_size: 30000
  buffer_fill_ratio: 1.0000
  recent_loss: 2.2417
  avg_game_length: 120.0000

2026-02-25 03:24:14 [INFO] Saved metrics checkpoint: C:\Users\Ricar\Desktop\projects\Chess\train\logs\metrics_round_74_20260225_032414.json
2026-02-25 03:27:18 [INFO] Round 75 complete (183.8s) Metrics Summary (elapsed: 7535.6s)

est:
  games: 2050
  train_steps: 410
  buffer_size: 30000
  buffer_fill_ratio: 1.0000
  recent_loss: 2.1920
  avg_game_length: 118.9600

attack:
  games: 2050
  train_steps: 410
  buffer_size: 30000
  buffer_fill_ratio: 1.0000
  recent_loss: 2.4776
  avg_game_length: 120.0000

baseline:
  games: 2050
  train_steps: 410
  buffer_size: 30000
  buffer_fill_ratio: 1.0000
  recent_loss: 2.4471
  avg_game_length: 119.3600

2026-02-25 03:30:25 [INFO] Round 76 complete (187.0s) Metrics Summary (elapsed: 7722.6s)

est:
  games: 2100
  train_steps: 420
  buffer_size: 30000
  buffer_fill_ratio: 1.0000
  recent_loss: 2.2277
  avg_game_length: 117.8600

attack:
  games: 2100
  train_steps: 420
  buffer_size: 30000
  buffer_fill_ratio: 1.0000
  recent_loss: 2.4122
  avg_game_length: 120.0000

baseline:
  games: 2100
  train_steps: 420
  buffer_size: 30000
  buffer_fill_ratio: 1.0000
  recent_loss: 2.4197
  avg_game_length: 119.3600

2026-02-25 03:33:29 [INFO] Round 77 complete (184.8s) Metrics Summary (elapsed: 7907.4s)

est:
  games: 2150
  train_steps: 430
  buffer_size: 30000
  buffer_fill_ratio: 1.0000
  recent_loss: 2.2783
  avg_game_length: 117.7000

attack:
  games: 2150
  train_steps: 430
  buffer_size: 30000
  buffer_fill_ratio: 1.0000
  recent_loss: 2.3238
  avg_game_length: 120.0000

baseline:
  games: 2150
  train_steps: 430
  buffer_size: 30000
  buffer_fill_ratio: 1.0000
  recent_loss: 2.4930
  avg_game_length: 120.0000

2026-02-25 03:36:33 [INFO] Round 78 complete (183.2s) Metrics Summary (elapsed: 8090.6s)

est:
  games: 2200
  train_steps: 440
  buffer_size: 30000
  buffer_fill_ratio: 1.0000
  recent_loss: 2.1825
  avg_game_length: 117.3000

attack:
  games: 2200
  train_steps: 440
  buffer_size: 30000
  buffer_fill_ratio: 1.0000
  recent_loss: 2.4220
  avg_game_length: 120.0000

baseline:
  games: 2200
  train_steps: 440
  buffer_size: 30000
  buffer_fill_ratio: 1.0000
  recent_loss: 2.2677
  avg_game_length: 120.0000

2026-02-25 03:39:41 [INFO] Round 79 complete (188.7s) Metrics Summary (elapsed: 8279.3s)

est:
  games: 2250
  train_steps: 450
  buffer_size: 30000
  buffer_fill_ratio: 1.0000
  recent_loss: 2.2119
  avg_game_length: 117.5400

attack:
  games: 2250
  train_steps: 450
  buffer_size: 30000
  buffer_fill_ratio: 1.0000
  recent_loss: 2.3457
  avg_game_length: 120.0000

baseline:
  games: 2250
  train_steps: 450
  buffer_size: 30000
  buffer_fill_ratio: 1.0000
  recent_loss: 2.3791
  avg_game_length: 120.0000

2026-02-25 03:39:41 [INFO] Saved metrics checkpoint: C:\Users\Ricar\Desktop\projects\Chess\train\logs\metrics_round_79_20260225_033941.json
2026-02-25 03:42:48 [INFO] Round 80 complete (186.5s) Metrics Summary (elapsed: 8465.8s)

est:
  games: 2300
  train_steps: 460
  buffer_size: 30000
  buffer_fill_ratio: 1.0000
  recent_loss: 2.1882
  avg_game_length: 119.1000

attack:
  games: 2300
  train_steps: 460
  buffer_size: 30000
  buffer_fill_ratio: 1.0000
  recent_loss: 2.3111
  avg_game_length: 120.0000

baseline:
  games: 2300
  train_steps: 460
  buffer_size: 30000
  buffer_fill_ratio: 1.0000
  recent_loss: 2.1969
  avg_game_length: 120.0000

2026-02-25 03:45:54 [INFO] Round 81 complete (185.8s) Metrics Summary (elapsed: 8651.6s)

est:
  games: 2350
  train_steps: 470
  buffer_size: 30000
  buffer_fill_ratio: 1.0000
  recent_loss: 2.1008
  avg_game_length: 119.1000

attack:
  games: 2350
  train_steps: 470
  buffer_size: 30000
  buffer_fill_ratio: 1.0000
  recent_loss: 2.3216
  avg_game_length: 120.0000

baseline:
  games: 2350
  train_steps: 470
  buffer_size: 30000
  buffer_fill_ratio: 1.0000
  recent_loss: 2.2617
  avg_game_length: 119.2600

2026-02-25 03:49:01 [INFO] Round 82 complete (187.4s) Metrics Summary (elapsed: 8839.0s)

est:
  games: 2400
  train_steps: 480
  buffer_size: 30000
  buffer_fill_ratio: 1.0000
  recent_loss: 2.1051
  avg_game_length: 119.1000

attack:
  games: 2400
  train_steps: 480
  buffer_size: 30000
  buffer_fill_ratio: 1.0000
  recent_loss: 2.3966
  avg_game_length: 119.8000

baseline:
  games: 2400
  train_steps: 480
  buffer_size: 30000
  buffer_fill_ratio: 1.0000
  recent_loss: 2.2502
  avg_game_length: 119.2600

2026-02-25 03:52:03 [INFO] Round 83 complete (182.4s) Metrics Summary (elapsed: 9021.4s)

est:
  games: 2450
  train_steps: 490
  buffer_size: 30000
  buffer_fill_ratio: 1.0000
  recent_loss: 2.2681
  avg_game_length: 118.3000

attack:
  games: 2450
  train_steps: 490
  buffer_size: 30000
  buffer_fill_ratio: 1.0000
  recent_loss: 2.1900
  avg_game_length: 119.8000

baseline:
  games: 2450
  train_steps: 490
  buffer_size: 30000
  buffer_fill_ratio: 1.0000
  recent_loss: 2.2057
  avg_game_length: 120.0000

2026-02-25 03:55:13 [INFO] Round 84 complete (189.9s) Metrics Summary (elapsed: 9211.3s)

est:
  games: 2500
  train_steps: 500
  buffer_size: 30000
  buffer_fill_ratio: 1.0000
  recent_loss: 2.2339
  avg_game_length: 118.3000

attack:
  games: 2500
  train_steps: 500
  buffer_size: 30000
  buffer_fill_ratio: 1.0000
  recent_loss: 2.3805
  avg_game_length: 120.0000

baseline:
  games: 2500
  train_steps: 500
  buffer_size: 30000
  buffer_fill_ratio: 1.0000
  recent_loss: 2.2863
  avg_game_length: 120.0000

2026-02-25 03:55:13 [INFO] Saved metrics checkpoint: C:\Users\Ricar\Desktop\projects\Chess\train\logs\metrics_round_84_20260225_035513.json
2026-02-25 03:58:19 [INFO] Round 85 complete (186.1s) Metrics Summary (elapsed: 9397.4s)

est:
  games: 2550
  train_steps: 510
  buffer_size: 30000
  buffer_fill_ratio: 1.0000
  recent_loss: 2.1422
  avg_game_length: 120.0000

attack:
  games: 2550
  train_steps: 510
  buffer_size: 30000
  buffer_fill_ratio: 1.0000
  recent_loss: 2.3501
  avg_game_length: 120.0000

baseline:
  games: 2550
  train_steps: 510
  buffer_size: 30000
  buffer_fill_ratio: 1.0000
  recent_loss: 2.3339
  avg_game_length: 120.0000

2026-02-25 04:01:25 [INFO] Round 86 complete (185.2s) Metrics Summary (elapsed: 9582.6s)

est:
  games: 2600
  train_steps: 520
  buffer_size: 30000
  buffer_fill_ratio: 1.0000
  recent_loss: 2.1883
  avg_game_length: 118.5600

attack:
  games: 2600
  train_steps: 520
  buffer_size: 30000
  buffer_fill_ratio: 1.0000
  recent_loss: 2.2510
  avg_game_length: 120.0000

baseline:
  games: 2600
  train_steps: 520
  buffer_size: 30000
  buffer_fill_ratio: 1.0000
  recent_loss: 2.2159
  avg_game_length: 120.0000

2026-02-25 04:04:30 [INFO] Round 87 complete (185.5s) Metrics Summary (elapsed: 9768.1s)

est:
  games: 2650
  train_steps: 530
  buffer_size: 30000
  buffer_fill_ratio: 1.0000
  recent_loss: 2.0313
  avg_game_length: 117.7200

attack:
  games: 2650
  train_steps: 530
  buffer_size: 30000
  buffer_fill_ratio: 1.0000
  recent_loss: 2.3065
  avg_game_length: 120.0000

baseline:
  games: 2650
  train_steps: 530
  buffer_size: 30000
  buffer_fill_ratio: 1.0000
  recent_loss: 2.2794
  avg_game_length: 119.4800

2026-02-25 04:07:35 [INFO] Round 88 complete (185.3s) Metrics Summary (elapsed: 9953.4s)

est:
  games: 2700
  train_steps: 540
  buffer_size: 30000
  buffer_fill_ratio: 1.0000
  recent_loss: 2.0358
  avg_game_length: 118.4700

attack:
  games: 2700
  train_steps: 540
  buffer_size: 30000
  buffer_fill_ratio: 1.0000
  recent_loss: 2.3377
  avg_game_length: 120.0000

baseline:
  games: 2700
  train_steps: 540
  buffer_size: 30000
  buffer_fill_ratio: 1.0000
  recent_loss: 2.4336
  avg_game_length: 119.4800

2026-02-25 04:10:44 [INFO] Round 89 complete (188.8s) Metrics Summary (elapsed: 10142.2s)

est:
  games: 2750
  train_steps: 550
  buffer_size: 30000
  buffer_fill_ratio: 1.0000
  recent_loss: 2.2590
  avg_game_length: 118.4500

attack:
  games: 2750
  train_steps: 550
  buffer_size: 30000
  buffer_fill_ratio: 1.0000
  recent_loss: 2.2125
  avg_game_length: 120.0000

baseline:
  games: 2750
  train_steps: 550
  buffer_size: 30000
  buffer_fill_ratio: 1.0000
  recent_loss: 2.3083
  avg_game_length: 119.8200

2026-02-25 04:10:44 [INFO] Saved metrics checkpoint: C:\Users\Ricar\Desktop\projects\Chess\train\logs\metrics_round_89_20260225_041044.json
2026-02-25 04:13:52 [INFO] Round 90 complete (188.0s) Metrics Summary (elapsed: 10330.2s)

est:
  games: 2800
  train_steps: 560
  buffer_size: 30000
  buffer_fill_ratio: 1.0000
  recent_loss: 2.1131
  avg_game_length: 119.1400

attack:
  games: 2800
  train_steps: 560
  buffer_size: 30000
  buffer_fill_ratio: 1.0000
  recent_loss: 2.3347
  avg_game_length: 120.0000

baseline:
  games: 2800
  train_steps: 560
  buffer_size: 30000
  buffer_fill_ratio: 1.0000
  recent_loss: 2.2033
  avg_game_length: 119.8200

2026-02-25 04:16:59 [INFO] Round 91 complete (186.4s) Metrics Summary (elapsed: 10516.6s)

est:
  games: 2850
  train_steps: 570
  buffer_size: 30000
  buffer_fill_ratio: 1.0000
  recent_loss: 2.1664
  avg_game_length: 119.2000

attack:
  games: 2850
  train_steps: 570
  buffer_size: 30000
  buffer_fill_ratio: 1.0000
  recent_loss: 2.3374
  avg_game_length: 120.0000

baseline:
  games: 2850
  train_steps: 570
  buffer_size: 30000
  buffer_fill_ratio: 1.0000
  recent_loss: 2.1676
  avg_game_length: 120.0000

2026-02-25 04:20:03 [INFO] Round 92 complete (184.6s) Metrics Summary (elapsed: 10701.2s)

est:
  games: 2900
  train_steps: 580
  buffer_size: 30000
  buffer_fill_ratio: 1.0000
  recent_loss: 2.0941
  avg_game_length: 118.4000

attack:
  games: 2900
  train_steps: 580
  buffer_size: 30000
  buffer_fill_ratio: 1.0000
  recent_loss: 2.1464
  avg_game_length: 120.0000

baseline:
  games: 2900
  train_steps: 580
  buffer_size: 30000
  buffer_fill_ratio: 1.0000
  recent_loss: 2.2272
  avg_game_length: 120.0000

2026-02-25 04:23:11 [INFO] Round 93 complete (187.9s) Metrics Summary (elapsed: 10889.2s)

est:
  games: 2950
  train_steps: 590
  buffer_size: 30000
  buffer_fill_ratio: 1.0000
  recent_loss: 2.2034
  avg_game_length: 117.7000

attack:
  games: 2950
  train_steps: 590
  buffer_size: 30000
  buffer_fill_ratio: 1.0000
  recent_loss: 2.2441
  avg_game_length: 119.9200

baseline:
  games: 2950
  train_steps: 590
  buffer_size: 30000
  buffer_fill_ratio: 1.0000
  recent_loss: 2.2663
  avg_game_length: 120.0000

2026-02-25 04:26:20 [INFO] Round 94 complete (188.5s) Metrics Summary (elapsed: 11077.7s)

est:
  games: 3000
  train_steps: 600
  buffer_size: 30000
  buffer_fill_ratio: 1.0000
  recent_loss: 2.1774
  avg_game_length: 118.0800

attack:
  games: 3000
  train_steps: 600
  buffer_size: 30000
  buffer_fill_ratio: 1.0000
  recent_loss: 2.3118
  avg_game_length: 119.9200

baseline:
  games: 3000
  train_steps: 600
  buffer_size: 30000
  buffer_fill_ratio: 1.0000
  recent_loss: 2.2911
  avg_game_length: 120.0000

2026-02-25 04:26:20 [INFO] Saved metrics checkpoint: C:\Users\Ricar\Desktop\projects\Chess\train\logs\metrics_round_94_20260225_042620.json
2026-02-25 04:29:25 [INFO] Round 95 complete (184.9s) Metrics Summary (elapsed: 11262.6s)

est:
  games: 3050
  train_steps: 610
  buffer_size: 30000
  buffer_fill_ratio: 1.0000
  recent_loss: 2.2099
  avg_game_length: 119.2400

attack:
  games: 3050
  train_steps: 610
  buffer_size: 30000
  buffer_fill_ratio: 1.0000
  recent_loss: 2.2784
  avg_game_length: 120.0000

baseline:
  games: 3050
  train_steps: 610
  buffer_size: 30000
  buffer_fill_ratio: 1.0000
  recent_loss: 2.1937
  avg_game_length: 119.2000

2026-02-25 04:32:29 [INFO] Round 96 complete (184.2s) Metrics Summary (elapsed: 11446.7s)

est:
  games: 3100
  train_steps: 620
  buffer_size: 30000
  buffer_fill_ratio: 1.0000
  recent_loss: 2.1365
  avg_game_length: 119.3400

attack:
  games: 3100
  train_steps: 620
  buffer_size: 30000
  buffer_fill_ratio: 1.0000
  recent_loss: 2.2838
  avg_game_length: 120.0000

baseline:
  games: 3100
  train_steps: 620
  buffer_size: 30000
  buffer_fill_ratio: 1.0000
  recent_loss: 2.2851
  avg_game_length: 118.6400

2026-02-25 04:35:33 [INFO] Round 97 complete (184.4s) Metrics Summary (elapsed: 11631.1s)

est:
  games: 3150
  train_steps: 630
  buffer_size: 30000
  buffer_fill_ratio: 1.0000
  recent_loss: 2.0421
  avg_game_length: 119.6800

attack:
  games: 3150
  train_steps: 630
  buffer_size: 30000
  buffer_fill_ratio: 1.0000
  recent_loss: 2.2393
  avg_game_length: 120.0000

baseline:
  games: 3150
  train_steps: 630
  buffer_size: 30000
  buffer_fill_ratio: 1.0000
  recent_loss: 2.1445
  avg_game_length: 119.4400

2026-02-25 04:38:37 [INFO] Round 98 complete (184.2s) Metrics Summary (elapsed: 11815.4s)

est:
  games: 3200
  train_steps: 640
  buffer_size: 30000
  buffer_fill_ratio: 1.0000
  recent_loss: 2.2210
  avg_game_length: 119.7800

attack:
  games: 3200
  train_steps: 640
  buffer_size: 30000
  buffer_fill_ratio: 1.0000
  recent_loss: 2.2461
  avg_game_length: 120.0000

baseline:
  games: 3200
  train_steps: 640
  buffer_size: 30000
  buffer_fill_ratio: 1.0000
  recent_loss: 2.1539
  avg_game_length: 120.0000

2026-02-25 04:41:49 [INFO] Round 99 complete (191.7s) Metrics Summary (elapsed: 12007.1s)

est:
  games: 3250
  train_steps: 650
  buffer_size: 30000
  buffer_fill_ratio: 1.0000
  recent_loss: 2.0545
  avg_game_length: 119.7800

attack:
  games: 3250
  train_steps: 650
  buffer_size: 30000
  buffer_fill_ratio: 1.0000
  recent_loss: 2.2118
  avg_game_length: 120.0000

baseline:
  games: 3250
  train_steps: 650
  buffer_size: 30000
  buffer_fill_ratio: 1.0000
  recent_loss: 2.2458
  avg_game_length: 119.5800

2026-02-25 04:41:49 [INFO] Saved metrics checkpoint: C:\Users\Ricar\Desktop\projects\Chess\train\logs\metrics_round_99_20260225_044149.json
2026-02-25 04:44:56 [INFO] Round 100 complete (186.7s) Metrics Summary (elapsed: 12193.8s)

est:
  games: 3300
  train_steps: 660
  buffer_size: 30000
  buffer_fill_ratio: 1.0000
  recent_loss: 2.0680
  avg_game_length: 120.0000

attack:
  games: 3300
  train_steps: 660
  buffer_size: 30000
  buffer_fill_ratio: 1.0000
  recent_loss: 2.3681
  avg_game_length: 120.0000

baseline:
  games: 3300
  train_steps: 660
  buffer_size: 30000
  buffer_fill_ratio: 1.0000
  recent_loss: 2.0996
  avg_game_length: 119.5800

2026-02-25 04:48:03 [INFO] Round 101 complete (186.8s) Metrics Summary (elapsed: 12380.6s)

est:
  games: 3350
  train_steps: 670
  buffer_size: 30000
  buffer_fill_ratio: 1.0000
  recent_loss: 2.0766
  avg_game_length: 119.3600

attack:
  games: 3350
  train_steps: 670
  buffer_size: 30000
  buffer_fill_ratio: 1.0000
  recent_loss: 2.1925
  avg_game_length: 120.0000

baseline:
  games: 3350
  train_steps: 670
  buffer_size: 30000
  buffer_fill_ratio: 1.0000
  recent_loss: 2.1828
  avg_game_length: 119.6800

2026-02-25 04:51:10 [INFO] Round 102 complete (187.6s) Metrics Summary (elapsed: 12568.2s)

est:
  games: 3400
  train_steps: 680
  buffer_size: 30000
  buffer_fill_ratio: 1.0000
  recent_loss: 2.1160
  avg_game_length: 118.2000

attack:
  games: 3400
  train_steps: 680
  buffer_size: 30000
  buffer_fill_ratio: 1.0000
  recent_loss: 2.1159
  avg_game_length: 120.0000

baseline:
  games: 3400
  train_steps: 680
  buffer_size: 30000
  buffer_fill_ratio: 1.0000
  recent_loss: 2.2399
  avg_game_length: 119.0000

2026-02-25 04:54:17 [INFO] Round 103 complete (186.4s) Metrics Summary (elapsed: 12754.6s)

est:
  games: 3450
  train_steps: 690
  buffer_size: 30000
  buffer_fill_ratio: 1.0000
  recent_loss: 2.0643
  avg_game_length: 118.8400

attack:
  games: 3450
  train_steps: 690
  buffer_size: 30000
  buffer_fill_ratio: 1.0000
  recent_loss: 2.2164
  avg_game_length: 120.0000

baseline:
  games: 3450
  train_steps: 690
  buffer_size: 30000
  buffer_fill_ratio: 1.0000
  recent_loss: 2.2164
  avg_game_length: 119.3200

2026-02-25 04:57:27 [INFO] Round 104 complete (190.6s) Metrics Summary (elapsed: 12945.2s)

est:
  games: 3500
  train_steps: 700
  buffer_size: 30000
  buffer_fill_ratio: 1.0000
  recent_loss: 2.1381
  avg_game_length: 119.9800

attack:
  games: 3500
  train_steps: 700
  buffer_size: 30000
  buffer_fill_ratio: 1.0000
  recent_loss: 2.1847
  avg_game_length: 120.0000

baseline:
  games: 3500
  train_steps: 700
  buffer_size: 30000
  buffer_fill_ratio: 1.0000
  recent_loss: 2.2581
  avg_game_length: 119.1600

2026-02-25 04:57:27 [INFO] Saved metrics checkpoint: C:\Users\Ricar\Desktop\projects\Chess\train\logs\metrics_round_104_20260225_045727.json
2026-02-25 05:00:34 [INFO] Round 105 complete (186.3s) Metrics Summary (elapsed: 13131.6s)

est:
  games: 3550
  train_steps: 710
  buffer_size: 30000
  buffer_fill_ratio: 1.0000
  recent_loss: 2.1565
  avg_game_length: 119.9800

attack:
  games: 3550
  train_steps: 710
  buffer_size: 30000
  buffer_fill_ratio: 1.0000
  recent_loss: 2.1047
  avg_game_length: 120.0000

baseline:
  games: 3550
  train_steps: 710
  buffer_size: 30000
  buffer_fill_ratio: 1.0000
  recent_loss: 2.2396
  avg_game_length: 119.1600

2026-02-25 05:03:41 [INFO] Round 106 complete (187.0s) Metrics Summary (elapsed: 13318.6s)

est:
  games: 3600
  train_steps: 720
  buffer_size: 30000
  buffer_fill_ratio: 1.0000
  recent_loss: 2.3538
  avg_game_length: 119.4200

attack:
  games: 3600
  train_steps: 720
  buffer_size: 30000
  buffer_fill_ratio: 1.0000
  recent_loss: 2.2536
  avg_game_length: 120.0000

baseline:
  games: 3600
  train_steps: 720
  buffer_size: 30000
  buffer_fill_ratio: 1.0000
  recent_loss: 2.2207
  avg_game_length: 120.0000

2026-02-25 05:06:46 [INFO] Round 107 complete (185.7s) Metrics Summary (elapsed: 13504.3s)

est:
  games: 3650
  train_steps: 730
  buffer_size: 30000
  buffer_fill_ratio: 1.0000
  recent_loss: 2.1673
  avg_game_length: 119.4200

attack:
  games: 3650
  train_steps: 730
  buffer_size: 30000
  buffer_fill_ratio: 1.0000
  recent_loss: 2.0416
  avg_game_length: 120.0000

baseline:
  games: 3650
  train_steps: 730
  buffer_size: 30000
  buffer_fill_ratio: 1.0000
  recent_loss: 2.2634
  avg_game_length: 119.3600

2026-02-25 05:09:52 [INFO] Round 108 complete (185.5s) Metrics Summary (elapsed: 13689.8s)

est:
  games: 3700
  train_steps: 740
  buffer_size: 30000
  buffer_fill_ratio: 1.0000
  recent_loss: 2.1900
  avg_game_length: 119.6400

attack:
  games: 3700
  train_steps: 740
  buffer_size: 30000
  buffer_fill_ratio: 1.0000
  recent_loss: 2.1776
  avg_game_length: 120.0000

baseline:
  games: 3700
  train_steps: 740
  buffer_size: 30000
  buffer_fill_ratio: 1.0000
  recent_loss: 2.2512
  avg_game_length: 118.7400

2026-02-25 05:13:01 [INFO] Round 109 complete (189.3s) Metrics Summary (elapsed: 13879.1s)

est:
  games: 3750
  train_steps: 750
  buffer_size: 30000
  buffer_fill_ratio: 1.0000
  recent_loss: 2.3503
  avg_game_length: 119.2600

attack:
  games: 3750
  train_steps: 750
  buffer_size: 30000
  buffer_fill_ratio: 1.0000
  recent_loss: 2.3867
  avg_game_length: 120.0000

baseline:
  games: 3750
  train_steps: 750
  buffer_size: 30000
  buffer_fill_ratio: 1.0000
  recent_loss: 2.3028
  avg_game_length: 119.3800

2026-02-25 05:13:01 [INFO] Saved metrics checkpoint: C:\Users\Ricar\Desktop\projects\Chess\train\logs\metrics_round_109_20260225_051301.json
2026-02-25 05:16:08 [INFO] Round 110 complete (187.1s) Metrics Summary (elapsed: 14066.2s)

est:
  games: 3800
  train_steps: 760
  buffer_size: 30000
  buffer_fill_ratio: 1.0000
  recent_loss: 2.1631
  avg_game_length: 119.6200

attack:
  games: 3800
  train_steps: 760
  buffer_size: 30000
  buffer_fill_ratio: 1.0000
  recent_loss: 2.1648
  avg_game_length: 120.0000

baseline:
  games: 3800
  train_steps: 760
  buffer_size: 30000
  buffer_fill_ratio: 1.0000
  recent_loss: 2.1136
  avg_game_length: 120.0000

2026-02-25 05:19:14 [INFO] Round 111 complete (185.9s) Metrics Summary (elapsed: 14252.2s)

est:
  games: 3850
  train_steps: 770
  buffer_size: 30000
  buffer_fill_ratio: 1.0000
  recent_loss: 2.1738
  avg_game_length: 118.3600

attack:
  games: 3850
  train_steps: 770
  buffer_size: 30000
  buffer_fill_ratio: 1.0000
  recent_loss: 2.3003
  avg_game_length: 120.0000

baseline:
  games: 3850
  train_steps: 770
  buffer_size: 30000
  buffer_fill_ratio: 1.0000
  recent_loss: 2.0720
  avg_game_length: 120.0000

2026-02-25 05:22:20 [INFO] Round 112 complete (185.6s) Metrics Summary (elapsed: 14437.8s)

est:
  games: 3900
  train_steps: 780
  buffer_size: 30000
  buffer_fill_ratio: 1.0000
  recent_loss: 2.1302
  avg_game_length: 116.7600

attack:
  games: 3900
  train_steps: 780
  buffer_size: 30000
  buffer_fill_ratio: 1.0000
  recent_loss: 2.4902
  avg_game_length: 120.0000

baseline:
  games: 3900
  train_steps: 780
  buffer_size: 30000
  buffer_fill_ratio: 1.0000
  recent_loss: 2.1173
  avg_game_length: 120.0000

2026-02-25 05:25:28 [INFO] Round 113 complete (187.8s) Metrics Summary (elapsed: 14625.6s)

est:
  games: 3950
  train_steps: 790
  buffer_size: 30000
  buffer_fill_ratio: 1.0000
  recent_loss: 2.2155
  avg_game_length: 117.8400

attack:
  games: 3950
  train_steps: 790
  buffer_size: 30000
  buffer_fill_ratio: 1.0000
  recent_loss: 2.2282
  avg_game_length: 120.0000

baseline:
  games: 3950
  train_steps: 790
  buffer_size: 30000
  buffer_fill_ratio: 1.0000
  recent_loss: 2.1195
  avg_game_length: 119.7400

2026-02-25 05:28:37 [INFO] Round 114 complete (189.8s) Metrics Summary (elapsed: 14815.4s)

est:
  games: 4000
  train_steps: 800
  buffer_size: 30000
  buffer_fill_ratio: 1.0000
  recent_loss: 1.9841
  avg_game_length: 118.8200

attack:
  games: 4000
  train_steps: 800
  buffer_size: 30000
  buffer_fill_ratio: 1.0000
  recent_loss: 2.1778
  avg_game_length: 120.0000

baseline:
  games: 4000
  train_steps: 800
  buffer_size: 30000
  buffer_fill_ratio: 1.0000
  recent_loss: 2.2397
  avg_game_length: 119.7400

2026-02-25 05:28:37 [INFO] Saved metrics checkpoint: C:\Users\Ricar\Desktop\projects\Chess\train\logs\metrics_round_114_20260225_052837.json
2026-02-25 05:31:43 [INFO] Round 115 complete (185.2s) Metrics Summary (elapsed: 15000.6s)

est:
  games: 4050
  train_steps: 810
  buffer_size: 30000
  buffer_fill_ratio: 1.0000
  recent_loss: 2.0935
  avg_game_length: 119.2200

attack:
  games: 4050
  train_steps: 810
  buffer_size: 30000
  buffer_fill_ratio: 1.0000
  recent_loss: 2.2479
  avg_game_length: 120.0000

baseline:
  games: 4050
  train_steps: 810
  buffer_size: 30000
  buffer_fill_ratio: 1.0000
  recent_loss: 2.1146
  avg_game_length: 120.0000

2026-02-25 05:34:46 [INFO] Round 116 complete (183.7s) Metrics Summary (elapsed: 15184.2s)

est:
  games: 4100
  train_steps: 820
  buffer_size: 30000
  buffer_fill_ratio: 1.0000
  recent_loss: 2.0962
  avg_game_length: 119.0800

attack:
  games: 4100
  train_steps: 820
  buffer_size: 30000
  buffer_fill_ratio: 1.0000
  recent_loss: 2.1224
  avg_game_length: 120.0000

baseline:
  games: 4100
  train_steps: 820
  buffer_size: 30000
  buffer_fill_ratio: 1.0000
  recent_loss: 2.2088
  avg_game_length: 119.4800

2026-02-25 05:37:54 [INFO] Round 117 complete (187.4s) Metrics Summary (elapsed: 15371.6s)

est:
  games: 4150
  train_steps: 830
  buffer_size: 30000
  buffer_fill_ratio: 1.0000
  recent_loss: 2.2036
  avg_game_length: 118.5200

attack:
  games: 4150
  train_steps: 830
  buffer_size: 30000
  buffer_fill_ratio: 1.0000
  recent_loss: 2.1479
  avg_game_length: 120.0000

baseline:
  games: 4150
  train_steps: 830
  buffer_size: 30000
  buffer_fill_ratio: 1.0000
  recent_loss: 2.2743
  avg_game_length: 119.3800

2026-02-25 05:41:01 [INFO] Round 118 complete (187.0s) Metrics Summary (elapsed: 15558.6s)

est:
  games: 4200
  train_steps: 840
  buffer_size: 30000
  buffer_fill_ratio: 1.0000
  recent_loss: 2.0524
  avg_game_length: 118.8400

attack:
  games: 4200
  train_steps: 840
  buffer_size: 30000
  buffer_fill_ratio: 1.0000
  recent_loss: 2.2340
  avg_game_length: 120.0000

baseline:
  games: 4200
  train_steps: 840
  buffer_size: 30000
  buffer_fill_ratio: 1.0000
  recent_loss: 2.2002
  avg_game_length: 119.9000

2026-02-25 05:44:12 [INFO] Round 119 complete (191.7s) Metrics Summary (elapsed: 15750.3s)

est:
  games: 4250
  train_steps: 850
  buffer_size: 30000
  buffer_fill_ratio: 1.0000
  recent_loss: 2.1485
  avg_game_length: 119.0000

attack:
  games: 4250
  train_steps: 850
  buffer_size: 30000
  buffer_fill_ratio: 1.0000
  recent_loss: 2.1570
  avg_game_length: 120.0000

baseline:
  games: 4250
  train_steps: 850
  buffer_size: 30000
  buffer_fill_ratio: 1.0000
  recent_loss: 2.3377
  avg_game_length: 120.0000

2026-02-25 05:44:12 [INFO] Saved metrics checkpoint: C:\Users\Ricar\Desktop\projects\Chess\train\logs\metrics_round_119_20260225_054412.json
2026-02-25 05:47:18 [INFO] Round 120 complete (185.5s) Metrics Summary (elapsed: 15935.8s)

est:
  games: 4300
  train_steps: 860
  buffer_size: 30000
  buffer_fill_ratio: 1.0000
  recent_loss: 2.0302
  avg_game_length: 118.7600

attack:
  games: 4300
  train_steps: 860
  buffer_size: 30000
  buffer_fill_ratio: 1.0000
  recent_loss: 2.0916
  avg_game_length: 120.0000

baseline:
  games: 4300
  train_steps: 860
  buffer_size: 30000
  buffer_fill_ratio: 1.0000
  recent_loss: 2.1753
  avg_game_length: 120.0000

2026-02-25 05:50:24 [INFO] Round 121 complete (186.0s) Metrics Summary (elapsed: 16121.8s)

est:
  games: 4350
  train_steps: 870
  buffer_size: 30000
  buffer_fill_ratio: 1.0000
  recent_loss: 2.1040
  avg_game_length: 117.5000

attack:
  games: 4350
  train_steps: 870
  buffer_size: 30000
  buffer_fill_ratio: 1.0000
  recent_loss: 2.1738
  avg_game_length: 120.0000

baseline:
  games: 4350
  train_steps: 870
  buffer_size: 30000
  buffer_fill_ratio: 1.0000
  recent_loss: 2.3091
  avg_game_length: 119.5800

2026-02-25 05:53:29 [INFO] Round 122 complete (185.3s) Metrics Summary (elapsed: 16307.1s)

est:
  games: 4400
  train_steps: 880
  buffer_size: 30000
  buffer_fill_ratio: 1.0000
  recent_loss: 2.1158
  avg_game_length: 117.6600

attack:
  games: 4400
  train_steps: 880
  buffer_size: 30000
  buffer_fill_ratio: 1.0000
  recent_loss: 2.1043
  avg_game_length: 120.0000

baseline:
  games: 4400
  train_steps: 880
  buffer_size: 30000
  buffer_fill_ratio: 1.0000
  recent_loss: 2.2307
  avg_game_length: 119.5800

2026-02-25 05:56:37 [INFO] Round 123 complete (188.2s) Metrics Summary (elapsed: 16495.3s)

est:
  games: 4450
  train_steps: 890
  buffer_size: 30000
  buffer_fill_ratio: 1.0000
  recent_loss: 2.0955
  avg_game_length: 119.4800

attack:
  games: 4450
  train_steps: 890
  buffer_size: 30000
  buffer_fill_ratio: 1.0000
  recent_loss: 2.1855
  avg_game_length: 120.0000

baseline:
  games: 4450
  train_steps: 890
  buffer_size: 30000
  buffer_fill_ratio: 1.0000
  recent_loss: 2.1627
  avg_game_length: 120.0000

2026-02-25 05:59:46 [INFO] Round 124 complete (189.2s) Metrics Summary (elapsed: 16684.5s)

est:
  games: 4500
  train_steps: 900
  buffer_size: 30000
  buffer_fill_ratio: 1.0000
  recent_loss: 2.0783
  avg_game_length: 120.0000

attack:
  games: 4500
  train_steps: 900
  buffer_size: 30000
  buffer_fill_ratio: 1.0000
  recent_loss: 2.2375
  avg_game_length: 120.0000

baseline:
  games: 4500
  train_steps: 900
  buffer_size: 30000
  buffer_fill_ratio: 1.0000
  recent_loss: 2.1055
  avg_game_length: 120.0000

2026-02-25 05:59:46 [INFO] Saved metrics checkpoint: C:\Users\Ricar\Desktop\projects\Chess\train\logs\metrics_round_124_20260225_055946.json
2026-02-25 06:02:54 [INFO] Round 125 complete (187.7s) Metrics Summary (elapsed: 16872.2s)

est:
  games: 4550
  train_steps: 910
  buffer_size: 30000
  buffer_fill_ratio: 1.0000
  recent_loss: 2.1810
  avg_game_length: 120.0000

attack:
  games: 4550
  train_steps: 910
  buffer_size: 30000
  buffer_fill_ratio: 1.0000
  recent_loss: 2.1306
  avg_game_length: 120.0000

baseline:
  games: 4550
  train_steps: 910
  buffer_size: 30000
  buffer_fill_ratio: 1.0000
  recent_loss: 2.1980
  avg_game_length: 119.4200

2026-02-25 06:06:00 [INFO] Round 126 complete (186.0s) Metrics Summary (elapsed: 17058.2s)

est:
  games: 4600
  train_steps: 920
  buffer_size: 30000
  buffer_fill_ratio: 1.0000
  recent_loss: 2.1596
  avg_game_length: 119.5000

attack:
  games: 4600
  train_steps: 920
  buffer_size: 30000
  buffer_fill_ratio: 1.0000
  recent_loss: 2.1387
  avg_game_length: 120.0000

baseline:
  games: 4600
  train_steps: 920
  buffer_size: 30000
  buffer_fill_ratio: 1.0000
  recent_loss: 2.3092
  avg_game_length: 119.4200

2026-02-25 06:09:06 [INFO] Round 127 complete (186.2s) Metrics Summary (elapsed: 17244.4s)

est:
  games: 4650
  train_steps: 930
  buffer_size: 30000
  buffer_fill_ratio: 1.0000
  recent_loss: 2.1488
  avg_game_length: 118.6300

attack:
  games: 4650
  train_steps: 930
  buffer_size: 30000
  buffer_fill_ratio: 1.0000
  recent_loss: 2.1969
  avg_game_length: 120.0000

baseline:
  games: 4650
  train_steps: 930
  buffer_size: 30000
  buffer_fill_ratio: 1.0000
  recent_loss: 2.1587
  avg_game_length: 119.0200

2026-02-25 06:12:14 [INFO] Round 128 complete (188.0s) Metrics Summary (elapsed: 17432.4s)

est:
  games: 4700
  train_steps: 940
  buffer_size: 30000
  buffer_fill_ratio: 1.0000
  recent_loss: 2.0665
  avg_game_length: 117.8700

attack:
  games: 4700
  train_steps: 940
  buffer_size: 30000
  buffer_fill_ratio: 1.0000
  recent_loss: 2.1802
  avg_game_length: 120.0000

baseline:
  games: 4700
  train_steps: 940
  buffer_size: 30000
  buffer_fill_ratio: 1.0000
  recent_loss: 2.1624
  avg_game_length: 118.4000

2026-02-25 09:05:48 [INFO] Saved metrics checkpoint: C:\Users\Ricar\Desktop\projects\Chess\train\logs\metrics_interrupted_20260225_090548.json
2026-02-26 01:22:04 [INFO] Saved metrics checkpoint: C:\Users\Ricar\Desktop\projects\Chess\train\logs\metrics_interrupted_20260226_012204.json
